Microchip Technology Inc, v2.00 (B)

Tool Name:
  c:\program files\microchip\xc16\v2.00\bin\bin\..\bin/elf-ld.exe

Command:
  -p24FJ64GB002 \
  --mdfp=C:/Program Files/Microchip/MPLABX/v6.10/packs/Microchip/PIC24F-GA-GB_DFP/1.8.217/xc16 \
  -o \
  dist/default/production/com.X.production.elf \
  -Lc:/program files/microchip/xc16/v2.00/bin/bin/.. \
  -LC:/Program Files/Microchip/MPLABX/v6.10/packs/Microchip/PIC24F-GA-GB_DFP/1.8.217/xc16/bin/../support/PIC24F/gld \
  -Lc:/program files/microchip/xc16/v2.00/bin/bin/../../lib \
  -Lc:/program files/microchip/xc16/v2.00/bin/bin/../../support/PIC24E/gld \
  -Lc:/program files/microchip/xc16/v2.00/bin/bin/../../support/PIC24F/gld \
  -Lc:/program files/microchip/xc16/v2.00/bin/bin/../../support/PIC24H/gld \
  -Lc:/program files/microchip/xc16/v2.00/bin/bin/../../support/dsPIC30F/gld \
  -Lc:/program files/microchip/xc16/v2.00/bin/bin/../../support/dsPIC33C/gld \
  -Lc:/program files/microchip/xc16/v2.00/bin/bin/../../support/dsPIC33E/gld \
  -Lc:/program files/microchip/xc16/v2.00/bin/bin/../../support/dsPIC33F/gld \
  build/default/production/mcc_generated_files/memory/flash.o \
  build/default/production/mcc_generated_files/usb/example_mcc_usb_cdc.o \
  build/default/production/mcc_generated_files/usb/usb_descriptors.o \
  build/default/production/mcc_generated_files/usb/usb_device.o \
  build/default/production/mcc_generated_files/usb/usb_device_cdc.o \
  build/default/production/mcc_generated_files/usb/usb_device_events.o \
  build/default/production/mcc_generated_files/usb/usb_hal_16bit.o \
  build/default/production/mcc_generated_files/clock.o \
  build/default/production/mcc_generated_files/ext_int.o \
  build/default/production/mcc_generated_files/interrupt_manager.o \
  build/default/production/mcc_generated_files/mcc.o \
  build/default/production/mcc_generated_files/pin_manager.o \
  build/default/production/mcc_generated_files/spi1.o \
  build/default/production/mcc_generated_files/system.o \
  build/default/production/mcc_generated_files/tmr1.o \
  build/default/production/mcc_generated_files/tmr2.o \
  build/default/production/mcc_generated_files/traps.o \
  build/default/production/src/driver/sx1278.o \
  build/default/production/src/driver/timerdriver.o \
  build/default/production/src/driver/usbdriver.o \
  build/default/production/src/protocol/maclayer.o \
  build/default/production/src/protocol/networklayer.o \
  build/default/production/src/system/terminal.o \
  build/default/production/src/system/packetBuffer.o \
  build/default/production/src/system/flashHandler.o \
  build/default/production/src/debugprint.o \
  build/default/production/src/hal.o \
  build/default/production/src/main.o \
  --defsym=__MPLAB_BUILD=1 \
  -Tp24FJ64GB002.gld.00 \
  --heap=16 \
  --stack=16 \
  --check-sections \
  --data-init \
  --pack-data \
  --handles \
  --isr \
  --no-gc-sections \
  --fill-upper=0 \
  --stackguard=16 \
  --no-force-link \
  --smart-io \
  -Map=dist/default/production/com.X.production.map \
  --report-mem \
  --memorysummary \
  dist/default/production/memoryfile.xml \
  -start-group \
  --library=c99-pic30-elf \
  --library=m-elf \
  --library=c99-elf \
  -end-group \


Optional library libpPIC24Fxxx.a not found
Archive member included because of file (symbol)

c:/program files/microchip/xc16/v2.00/bin/bin/../../lib\libc99-pic30-elf.a(crt0_standard.o)
                              (__resetPRI)
c:/program files/microchip/xc16/v2.00/bin/bin/../../lib\libc99-pic30-elf.a(data_init_standard.o)
                              c:/program files/microchip/xc16/v2.00/bin/bin/../../lib\libc99-pic30-elf.a(crt0_standard.o) (__data_init_standard)
c:/program files/microchip/xc16/v2.00/bin/bin/../../lib\libc99-pic30-elf.a(crt_start_mode_normal.Meo)
                              (__crt_start_mode_normal)
c:/program files/microchip/xc16/v2.00/bin/bin/../../lib\libc99-pic30-elf.a(fixunssfsi.XX_o)
                              build/default/production/src/driver/sx1278.o (___fixunssfsi)
c:/program files/microchip/xc16/v2.00/bin/bin/../../lib\libc99-pic30-elf.a(floatunsisf.XX_o)
                              build/default/production/src/driver/sx1278.o (___floatunsisf)
c:/program files/microchip/xc16/v2.00/bin/bin/../../lib\libc99-pic30-elf.a(funpack.XX_o)
                              c:/program files/microchip/xc16/v2.00/bin/bin/../../lib\libc99-pic30-elf.a(fixunssfsi.XX_o) (__funpack)
c:/program files/microchip/xc16/v2.00/bin/bin/../../lib\libc99-pic30-elf.a(divsf3x.XX_o)
                              build/default/production/src/driver/sx1278.o (___divsf3)
c:/program files/microchip/xc16/v2.00/bin/bin/../../lib\libc99-pic30-elf.a(mulsf3x.XX_o)
                              build/default/production/src/driver/sx1278.o (___mulsf3)
c:/program files/microchip/xc16/v2.00/bin/bin/../../lib\libc99-pic30-elf.a(dnrmpackfx.XX_o)
                              c:/program files/microchip/xc16/v2.00/bin/bin/../../lib\libc99-pic30-elf.a(mulsf3x.XX_o) (__dnrmpackf)
[...]
Memory Configuration

Name             Origin             Length             Attributes
data             0x000800           0x002000           a !xr
reset            0x000000           0x000004  
ivt              0x000004           0x0000fc  
_reserved        0x000100           0x000004  
aivt             0x000104           0x0000fc  
program          0x000200           0x00a9f8           xr
CONFIG4          0x00abf8           0x000002  
CONFIG3          0x00abfa           0x000002  
CONFIG2          0x00abfc           0x000002  
CONFIG1          0x00abfe           0x000002  
*default*        0x000000           0xffffffff  

Linker script and memory map

LOAD build/default/production/mcc_generated_files/memory/flash.o
LOAD build/default/production/mcc_generated_files/usb/example_mcc_usb_cdc.o
LOAD build/default/production/mcc_generated_files/usb/usb_descriptors.o
LOAD build/default/production/mcc_generated_files/usb/usb_device.o
LOAD build/default/production/mcc_generated_files/usb/usb_device_cdc.o
LOAD build/default/production/mcc_generated_files/usb/usb_device_events.o
LOAD build/default/production/mcc_generated_files/usb/usb_hal_16bit.o
LOAD build/default/production/mcc_generated_files/clock.o
LOAD build/default/production/mcc_generated_files/ext_int.o
LOAD build/default/production/mcc_generated_files/interrupt_manager.o
LOAD build/default/production/mcc_generated_files/mcc.o
LOAD build/default/production/mcc_generated_files/pin_manager.o
LOAD build/default/production/mcc_generated_files/spi1.o
LOAD build/default/production/mcc_generated_files/system.o
LOAD build/default/production/mcc_generated_files/tmr1.o
LOAD build/default/production/mcc_generated_files/tmr2.o
LOAD build/default/production/mcc_generated_files/traps.o
LOAD build/default/production/src/driver/sx1278.o
LOAD build/default/production/src/driver/timerdriver.o
LOAD build/default/production/src/driver/usbdriver.o
LOAD build/default/production/src/protocol/maclayer.o
LOAD build/default/production/src/protocol/networklayer.o
LOAD build/default/production/src/system/terminal.o
LOAD build/default/production/src/system/packetBuffer.o
LOAD build/default/production/src/system/flashHandler.o
LOAD build/default/production/src/debugprint.o
LOAD build/default/production/src/hal.o
LOAD build/default/production/src/main.o
                    0x0001                  __MPLAB_BUILD = 0x1
LOAD pPIC24Fxxx
LOAD c:/program files/microchip/xc16/v2.00/bin/bin/../../lib\libfx-elf.a
                    0xabf8                  __CONFIG4 = 0xabf8
                    0xabfa                  __CONFIG3 = 0xabfa
                    0xabfc                  __CONFIG2 = 0xabfc
                    0xabfe                  __CONFIG1 = 0xabfe
                    0x0001                  __NO_HANDLES = 0x1
                    0x0200                  __CODE_BASE = 0x200
                    0xa9f8                  __CODE_LENGTH = 0xa9f8
                    0x0004                  __IVT_BASE = 0x4
                    0x0104                  __AIVT_BASE = 0x104
                    0x0800                  __DATA_BASE = 0x800
                    0x2000                  __DATA_LENGTH = 0x2000

.reset            0x000000          0x4
                  0x000000          0x2 SHORT 0x200 ABSOLUTE (__reset)
                  0x000001          0x2 SHORT 0x4
                  0x000002          0x2 SHORT 0x0 ((ABSOLUTE (__reset) >> 0x10) & 0x7f)
                  0x000003          0x2 SHORT 0x0

.text             0x000200       0x2992
 *(.init)
 .init            0x000200         0x4c c:/program files/microchip/xc16/v2.00/bin/bin/../../lib\libc99-pic30-elf.a(crt0_standard.o)
                  0x000200                  __resetPRI
                  0x000200                  __reset
                  0x00023c                  __psv_init
 .init            0x00024c         0x7c c:/program files/microchip/xc16/v2.00/bin/bin/../../lib\libc99-pic30-elf.a(data_init_standard.o)
                  0x000252                  __data_init_standard
                  0x000252                  __data_init
 *(.user_init)
 *(.handle)
 *(.isr*)
 .isr.text        0x0002cc         0x24 build/default/production/mcc_generated_files/usb/usb_device_events.o
                  0x0002cc                  __USB1Interrupt
 .isr.text        0x0002f0         0x1e build/default/production/mcc_generated_files/ext_int.o
                  0x0002f0                  __INT1Interrupt
 .isr.text        0x00030e         0x2e build/default/production/mcc_generated_files/tmr1.o
                  0x00030e                  __T1Interrupt
 .isr.text        0x00033c         0x2e build/default/production/mcc_generated_files/tmr2.o
                  0x00033c                  __T2Interrupt
 .isr.text        0x00036a         0x22 build/default/production/mcc_generated_files/traps.o
                  0x00036a                  __OscillatorFail
                  0x000372                  __StackError
                  0x00037c                  __AddressError
                  0x000384                  __MathError
 .isr             0x00038c          0x4 default_isr
                  0x00038c                  __DefaultInterrupt
 *(.libc)
 *(.libm)
 *(.libdsp)
 *(.lib*)
 .libpic30_crt_start_mode
                  0x000390          0x2 c:/program files/microchip/xc16/v2.00/bin/bin/../../lib\libc99-pic30-elf.a(crt_start_mode_normal.Meo)
                  0x000390                  __crt_start_mode
                  0x000390                  __crt_start_mode_normal
 .libm.fixunssfsi
                  0x000392         0x36 c:/program files/microchip/xc16/v2.00/bin/bin/../../lib\libc99-pic30-elf.a(fixunssfsi.XX_o)
                  0x000392                  ___fixunssfsi
 .libm.floatunsisf
                  0x0003c8          0x4 c:/program files/microchip/xc16/v2.00/bin/bin/../../lib\libc99-pic30-elf.a(floatunsisf.XX_o)
                  0x0003c8                  ___floatunsisf
 .libm.funpack    0x0003cc         0x2a c:/program files/microchip/xc16/v2.00/bin/bin/../../lib\libc99-pic30-elf.a(funpack.XX_o)
                  0x0003cc                  __funpack
 .libmx           0x0003f6        0x1be c:/program files/microchip/xc16/v2.00/bin/bin/../../lib\libc99-pic30-elf.a(divsf3x.XX_o)
                  0x0003f6                  ___divsf3x
                  0x0003f6                  ___divsf3
                  0x000588                  __sdivf
 .libmx           0x0005b4        0x10c c:/program files/microchip/xc16/v2.00/bin/bin/../../lib\libc99-pic30-elf.a(mulsf3x.XX_o)
                  0x0005b4                  ___mulsf3x
                  0x0005b4                  ___mulsf3
 .libmx           0x0006c0         0x54 c:/program files/microchip/xc16/v2.00/bin/bin/../../lib\libc99-pic30-elf.a(dnrmpackfx.XX_o)
                  0x0006c0                  __dnrmpackf
 .libmx           0x000714         0x5e c:/program files/microchip/xc16/v2.00/bin/bin/../../lib\libc99-pic30-elf.a(unpackdnrmfx.XX_o)
                  0x000714                  __unpackdnrmf
 .libmx           0x000772         0x34 c:/program files/microchip/xc16/v2.00/bin/bin/../../lib\libc99-pic30-elf.a(typefx.XX_o)
                  0x000772                  __typef
 .libmx           0x0007a6         0x12 c:/program files/microchip/xc16/v2.00/bin/bin/../../lib\libc99-pic30-elf.a(propnanfx.XX_o)
                  0x0007a6                  __propnanf
 .libmx           0x0007b8         0xa6 c:/program files/microchip/xc16/v2.00/bin/bin/../../lib\libc99-pic30-elf.a(spackfx.XX_o)
                  0x0007b8                  __spackf
 .libmx           0x00085e         0x66 c:/program files/microchip/xc16/v2.00/bin/bin/../../lib\libc99-pic30-elf.a(unpackfx.XX_o)
                  0x00085e                  __unpackf
 .libm.floatundisf
                  0x0008c4         0x5e c:/program files/microchip/xc16/v2.00/bin/bin/../../lib\libc99-pic30-elf.a(floatundisf.XX_o)
                  0x0008c4                  ___floatundisf
 .libm.fpack      0x000922         0x4c c:/program files/microchip/xc16/v2.00/bin/bin/../../lib\libc99-pic30-elf.a(fpack.XX_o)
                  0x000922                  __fpack
 .libc.__wrap_snprintf
                  0x00096e          0xc c:/program files/microchip/xc16/v2.00/bin/bin/../../lib\libc99-elf.a(__sio_snprintf_0.XX_o)
                  0x00096e                  __snprintf_0
                  0x00096e                  __dsnprintf_0
 .libc.__sio_snprintf_0
                  0x00097a          0x2 c:/program files/microchip/xc16/v2.00/bin/bin/../../lib\libc99-elf.a(__sio_snprintf_0.XX_o)
                  0x00097a                  ___sio_snprintf_0
 .libc.__wrap_snprintf
                  0x00097c          0xc c:/program files/microchip/xc16/v2.00/bin/bin/../../lib\libc99-elf.a(__sio_snprintf_dfosux.XX_o)
                  0x00097c                  __dsnprintf_cdeEfFgGnopsuxX
                  0x00097c                  __snprintf_cdeEfFgGnopsuxX
                  0x00097c                  __dsnprintf_cdeEnopsuxX
                  0x00097c                  __snprintf_cdeEnopsuxX
                  0x00097c                  __snprintf_cdeEfFnopsuxX
                  0x00097c                  __snprintf_cdeEgGnopsuxX
                  0x00097c                  __dsnprintf_cdeEgGnopsuxX
                  0x00097c                  __dsnprintf_cdeEfFnopsuxX
                  0x00097c                  __snprintf_cdfFgGnopsuxX
                  0x00097c                  __dsnprintf_cdfFnopsuxX
                  0x00097c                  __snprintf_cdfFnopsuxX
                  0x00097c                  __snprintf_cdgGnopsuxX
                  0x00097c                  __dsnprintf_cdgGnopsuxX
                  0x00097c                  __dsnprintf_cdfFgGnopsuxX
 .libc.__sio_snprintf_dfosux
                  0x000988          0xc c:/program files/microchip/xc16/v2.00/bin/bin/../../lib\libc99-elf.a(__sio_snprintf_dfosux.XX_o)
                  0x000988                  ___sio_snprintf_dfosux
 .libc.__wrap_snprintf
                  0x000994          0xc c:/program files/microchip/xc16/v2.00/bin/bin/../../lib\libc99-elf.a(__sio_snprintf_dfoux.XX_o)
                  0x000994                  __dsnprintf_cdeEfFgGnopuxX
                  0x000994                  __snprintf_cdfFgGnopuxX
                  0x000994                  __snprintf_cdeEgGnopuxX
                  0x000994                  __snprintf_cdfFnopuxX
                  0x000994                  __dsnprintf_cdfFgGnopuxX
                  0x000994                  __snprintf_cdgGnopuxX
                  0x000994                  __dsnprintf_cdfFnopuxX
                  0x000994                  __dsnprintf_cdeEgGnopuxX
                  0x000994                  __dsnprintf_cdeEfFnopuxX
                  0x000994                  __dsnprintf_cdgGnopuxX
                  0x000994                  __snprintf_cdeEfFnopuxX
                  0x000994                  __snprintf_cdeEnopuxX
                  0x000994                  __snprintf_cdeEfFgGnopuxX
                  0x000994                  __dsnprintf_cdeEnopuxX
 .libc.__sio_snprintf_dfoux
                  0x0009a0          0xc c:/program files/microchip/xc16/v2.00/bin/bin/../../lib\libc99-elf.a(__sio_snprintf_dfoux.XX_o)
                  0x0009a0                  ___sio_snprintf_dfoux
 .libc.__wrap_snprintf
                  0x0009ac          0xc c:/program files/microchip/xc16/v2.00/bin/bin/../../lib\libc99-elf.a(__sio_snprintf_dosux.XX_o)
                  0x0009ac                  __dsnprintf_cdnopsuxX
                  0x0009ac                  __snprintf_cdnopsuxX
 .libc.__sio_snprintf_dosux
                  0x0009b8          0xa c:/program files/microchip/xc16/v2.00/bin/bin/../../lib\libc99-elf.a(__sio_snprintf_dosux.XX_o)
                  0x0009b8                  ___sio_snprintf_dosux
 .libc.memcpy     0x0009c2          0xe c:/program files/microchip/xc16/v2.00/bin/bin/../../lib\libc99-elf.a(memcpy.XX_o)
                  0x0009c2                  _memcpy
 .libc.memset     0x0009d0         0xc6 c:/program files/microchip/xc16/v2.00/bin/bin/../../lib\libc99-elf.a(memset.XX_o)
                  0x0009d0                  _memset
 .libc.strncpy    0x000a96          0xe c:/program files/microchip/xc16/v2.00/bin/bin/../../lib\libc99-elf.a(strncpy.XX_o)
                  0x000a96                  _strncpy
 .libc.strtox     0x000aa4         0x52 c:/program files/microchip/xc16/v2.00/bin/bin/../../lib\libc99-elf.a(strtol.XX_o)
 .libc.strtoull
                  0x000af6          0x8 c:/program files/microchip/xc16/v2.00/bin/bin/../../lib\libc99-elf.a(strtol.XX_o)
                  0x000af6                  ___strtoull_internal
                  0x000af6                  _strtoull
 .libc.strtoll    0x000afe          0x8 c:/program files/microchip/xc16/v2.00/bin/bin/../../lib\libc99-elf.a(strtol.XX_o)
                  0x000afe                  _strtoll
                  0x000afe                  ___strtoll_internal
 .libc.strtoul    0x000b06          0x8 c:/program files/microchip/xc16/v2.00/bin/bin/../../lib\libc99-elf.a(strtol.XX_o)
                  0x000b06                  _strtoul
                  0x000b06                  ___strtoul_internal
 .libc.strtol     0x000b0e          0x8 c:/program files/microchip/xc16/v2.00/bin/bin/../../lib\libc99-elf.a(strtol.XX_o)
                  0x000b0e                  _strtol
                  0x000b0e                  ___strtol_internal
 .libc.strtoimax
                  0x000b16          0x2 c:/program files/microchip/xc16/v2.00/bin/bin/../../lib\libc99-elf.a(strtol.XX_o)
                  0x000b16                  ___strtoimax_internal
                  0x000b16                  _strtoimax
 .libc.strtoumax
                  0x000b18          0x2 c:/program files/microchip/xc16/v2.00/bin/bin/../../lib\libc99-elf.a(strtol.XX_o)
                  0x000b18                  _strtoumax
                  0x000b18                  ___strtoumax_internal
 .libc.__fmt_d    0x000b1a         0xb2 c:/program files/microchip/xc16/v2.00/bin/bin/../../lib\libc99-elf.a(__fmt_d.XX_o)
                  0x000b1a                  ___fmt_d
                  0x000b1a                  ___fmt_d_needed
 .libc.__LONG_DOUBLE_BITS
                  0x000bcc          0x2 c:/program files/microchip/xc16/v2.00/bin/bin/../../lib\libc99-elf.a(__fmt_fp.XX_o)
 .libc.__fmt_fp
                  0x000bce        0x544 c:/program files/microchip/xc16/v2.00/bin/bin/../../lib\libc99-elf.a(__fmt_fp.XX_o)
                  0x000bce                  ___fmt_f_needed
                  0x000bce                  ___fmt_fp
 .libc.__fmt_o    0x001112         0x6a c:/program files/microchip/xc16/v2.00/bin/bin/../../lib\libc99-elf.a(__fmt_o.XX_o)
                  0x001112                  ___fmt_o
                  0x001112                  ___fmt_o_needed
 .libc.__fmt_s    0x00117c         0x54 c:/program files/microchip/xc16/v2.00/bin/bin/../../lib\libc99-elf.a(__fmt_s.XX_o)
                  0x00117c                  ___fmt_0_needed
                  0x00117c                  ___fmt_s_needed
                  0x00117c                  ___fmt_s
 .libc.__cvt_u    0x0011d0         0xa4 c:/program files/microchip/xc16/v2.00/bin/bin/../../lib\libc99-elf.a(__fmt_u.XX_o)
                  0x0011d0                  ___cvt_u
 .libc.__fmt_u    0x001274         0x52 c:/program files/microchip/xc16/v2.00/bin/bin/../../lib\libc99-elf.a(__fmt_u.XX_o)
                  0x001274                  ___fmt_u
                  0x001274                  ___fmt_u_needed
 .libc.__fmt_x    0x0012c6        0x14a c:/program files/microchip/xc16/v2.00/bin/bin/../../lib\libc99-elf.a(__fmt_x.XX_o)
                  0x0012c6                  ___fmt_x_needed
                  0x0012c6                  ___fmt_x
 .libc.__vsnprintf
                  0x001410         0x4a c:/program files/microchip/xc16/v2.00/bin/bin/../../lib\libc99-elf.a(__int_vsnprintf.XX_o)
                  0x001410                  ___vsnprintf
 .libc.__string_out
                  0x00145a         0x28 c:/program files/microchip/xc16/v2.00/bin/bin/../../lib\libc99-elf.a(__printf_core.XX_o)
                  0x00145a                  ___out
 .libc.__pad      0x001482         0x74 c:/program files/microchip/xc16/v2.00/bin/bin/../../lib\libc99-elf.a(__printf_core.XX_o)
                  0x001482                  ___pad
 .libc.__dummy_fmt3
                  0x0014f6          0x2 c:/program files/microchip/xc16/v2.00/bin/bin/../../lib\libc99-elf.a(__printf_core.XX_o)
 .libc.__dummy_fmt4
                  0x0014f8          0x2 c:/program files/microchip/xc16/v2.00/bin/bin/../../lib\libc99-elf.a(__printf_core.XX_o)
                  0x0014f8                  ___fmt_a
 .libc.__dummy_fmts
                  0x0014fa          0x2 c:/program files/microchip/xc16/v2.00/bin/bin/../../lib\libc99-elf.a(__printf_core.XX_o)
 .libc.__fmt_state
                  0x0014fc         0x2c c:/program files/microchip/xc16/v2.00/bin/bin/../../lib\libc99-elf.a(__printf_core.XX_o)
                  0x0014fc                  ___fmt_state
 .libc.vfpfcnvrt.clone.0
                  0x001528        0x2c0 c:/program files/microchip/xc16/v2.00/bin/bin/../../lib\libc99-elf.a(__printf_core.XX_o)
 .libc.__printf_core
                  0x0017e8         0x40 c:/program files/microchip/xc16/v2.00/bin/bin/../../lib\libc99-elf.a(__printf_core.XX_o)
                  0x0017e8                  ___printf_core
 .libc.__isspace
                  0x001828         0x14 c:/program files/microchip/xc16/v2.00/bin/bin/../../lib\libc99-elf.a(intscan.XX_o)
 .libc.__intscan
                  0x00183c        0x440 c:/program files/microchip/xc16/v2.00/bin/bin/../../lib\libc99-elf.a(intscan.XX_o)
                  0x00183c                  ___intscan
 .libc.__shlim    0x001c7c         0x4a c:/program files/microchip/xc16/v2.00/bin/bin/../../lib\libc99-elf.a(shgetc.XX_o)
                  0x001c7c                  ___shlim
 .libc.__shgetc
                  0x001cc6        0x12a c:/program files/microchip/xc16/v2.00/bin/bin/../../lib\libc99-elf.a(shgetc.XX_o)
                  0x001cc6                  ___shgetc
 .libc.__stpncpy
                  0x001df0         0x6a c:/program files/microchip/xc16/v2.00/bin/bin/../../lib\libc99-elf.a(stpncpy.XX_o)
                  0x001df0                  _stpncpy
                  0x001df0                  ___stpncpy
 .libc.strlen     0x001e5a         0x30 c:/program files/microchip/xc16/v2.00/bin/bin/../../lib\libc99-elf.a(strlen.XX_o)
                  0x001e5a                  _strlen
 .libc.__vfprintf
                  0x001e8a         0x1c c:/program files/microchip/xc16/v2.00/bin/bin/../../lib\libc99-elf.a(__int_vfprintf.XX_o)
                  0x001e8a                  ___vfprintf
 .libc.__uflow    0x001ea6         0x2a c:/program files/microchip/xc16/v2.00/bin/bin/../../lib\libc99-elf.a(__uflow.XX_o)
                  0x001ea6                  ___uflow
 .libc.__toread
                  0x001ed0         0x50 c:/program files/microchip/xc16/v2.00/bin/bin/../../lib\libc99-elf.a(__toread.XX_o)
                  0x001ed0                  ___toread
 .libc.__toread_needs_stdio_exit
                  0x001f20          0x2 c:/program files/microchip/xc16/v2.00/bin/bin/../../lib\libc99-elf.a(__toread.XX_o)
                  0x001f20                  ___toread_needs_stdio_exit
 .libc.__dummy    0x001f22          0x2 c:/program files/microchip/xc16/v2.00/bin/bin/../../lib\libc99-elf.a(__stdio_exit.XX_o)
                  0x001f22                  ___stdio_exit_ofl
 .libc.__dummy1
                  0x001f24          0x2 c:/program files/microchip/xc16/v2.00/bin/bin/../../lib\libc99-elf.a(__stdio_exit.XX_o)
                  0x001f24                  ___fclose
 .libc.__stdio_exit
                  0x001f26         0x14 c:/program files/microchip/xc16/v2.00/bin/bin/../../lib\libc99-elf.a(__stdio_exit.XX_o)
                  0x001f26                  ___stdio_exit_needed
                  0x001f26                  ___stdio_exit
 .libc.__wrap_sprintf
                  0x001f3a          0xc c:/program files/microchip/xc16/v2.00/bin/bin/../../lib\libc99-elf.a(__sio_sprintf_dfosux.XX_o)
                  0x001f3a                  __sprintf_cdeEfFgGnopsuxX
                  0x001f3a                  __sprintf_cdfFgGnopsuxX
                  0x001f3a                  __sprintf_cdgGnopsuxX
                  0x001f3a                  __dsprintf_cdeEfFgGnopsuxX
                  0x001f3a                  __dsprintf_cdfFnopsuxX
                  0x001f3a                  __dsprintf_cdeEnopsuxX
                  0x001f3a                  __sprintf_cdeEfFnopsuxX
                  0x001f3a                  __sprintf_cdeEgGnopsuxX
                  0x001f3a                  __sprintf_cdfFnopsuxX
                  0x001f3a                  __dsprintf_cdeEfFnopsuxX
                  0x001f3a                  __dsprintf_cdeEgGnopsuxX
                  0x001f3a                  __dsprintf_cdfFgGnopsuxX
                  0x001f3a                  __dsprintf_cdgGnopsuxX
                  0x001f3a                  __sprintf_cdeEnopsuxX
 .libc.__sio_sprintf_dfosux
                  0x001f46          0xc c:/program files/microchip/xc16/v2.00/bin/bin/../../lib\libc99-elf.a(__sio_sprintf_dfosux.XX_o)
                  0x001f46                  ___sio_sprintf_dfosux
 .libc.__vsprintf
                  0x001f52          0x8 c:/program files/microchip/xc16/v2.00/bin/bin/../../lib\libc99-elf.a(__int_vsprintf.XX_o)
                  0x001f52                  ___vsprintf
 .libc.__wrap_sprintf
                  0x001f5a          0xc c:/program files/microchip/xc16/v2.00/bin/bin/../../lib\libc99-elf.a(__sio_sprintf_doux.XX_o)
                  0x001f5a                  __sprintf_cdnopuxX
                  0x001f5a                  __dsprintf_cdnopuxX
 .libc.__sio_sprintf_doux
                  0x001f66          0xa c:/program files/microchip/xc16/v2.00/bin/bin/../../lib\libc99-elf.a(__sio_sprintf_doux.XX_o)
                  0x001f66                  ___sio_sprintf_doux
 .libc.__wrap_sprintf
                  0x001f70          0xc c:/program files/microchip/xc16/v2.00/bin/bin/../../lib\libc99-elf.a(__sio_sprintf_s.XX_o)
                  0x001f70                  __sprintf_s
                  0x001f70                  __dsprintf_s
 .libc.__sio_sprintf_s
                  0x001f7c          0x2 c:/program files/microchip/xc16/v2.00/bin/bin/../../lib\libc99-elf.a(__sio_sprintf_s.XX_o)
                  0x001f7c                  ___sio_sprintf_s
 .libc.srand      0x001f7e          0xa c:/program files/microchip/xc16/v2.00/bin/bin/../../lib\libc99-elf.a(rand.XX_o)
                  0x001f7e                  _srand
 .libc.rand       0x001f88         0x18 c:/program files/microchip/xc16/v2.00/bin/bin/../../lib\libc99-elf.a(rand.XX_o)
                  0x001f88                  _rand
 .libc.strcmp     0x001fa0         0x16 c:/program files/microchip/xc16/v2.00/bin/bin/../../lib\libc99-elf.a(strcmp.XX_o)
                  0x001fa0                  _strcmp
 .libc.__isspace
                  0x001fb6         0x14 c:/program files/microchip/xc16/v2.00/bin/bin/../../lib\libc99-elf.a(atoi.XX_o)
 .libc.atoi       0x001fca         0x4c c:/program files/microchip/xc16/v2.00/bin/bin/../../lib\libc99-elf.a(atoi.XX_o)
                  0x001fca                  _atoi
 .libc.strcpy     0x002016          0xe c:/program files/microchip/xc16/v2.00/bin/bin/../../lib\libc99-elf.a(strcpy.XX_o)
                  0x002016                  _strcpy
 .libc.tolower    0x002024          0xc c:/program files/microchip/xc16/v2.00/bin/bin/../../lib\libc99-elf.a(tolower.XX_o)
                  0x002024                  _tolower
 .libc.__tolower_l
                  0x002030          0x2 c:/program files/microchip/xc16/v2.00/bin/bin/../../lib\libc99-elf.a(tolower.XX_o)
                  0x002030                  ___tolower_l
                  0x002030                  _tolower_l
 .libc.toupper    0x002032          0xc c:/program files/microchip/xc16/v2.00/bin/bin/../../lib\libc99-elf.a(toupper.XX_o)
                  0x002032                  _toupper
 .libc.__toupper_l
                  0x00203e          0x2 c:/program files/microchip/xc16/v2.00/bin/bin/../../lib\libc99-elf.a(toupper.XX_o)
                  0x00203e                  ___toupper_l
                  0x00203e                  _toupper_l
 .libc.__pop_float
                  0x002040         0x3e c:/program files/microchip/xc16/v2.00/bin/bin/../../lib\libc99-elf.a(__pop_float.XX_lo)
                  0x002040                  ___pop_float
                  0x002040                  ___pop_float_needed
 .libc.__pop_int
                  0x00207e         0xb2 c:/program files/microchip/xc16/v2.00/bin/bin/../../lib\libc99-elf.a(__pop_int.XX_lo)
                  0x00207e                  ___pop_int
                  0x00207e                  ___pop_int_needed
 .libc.__pop_ptr
                  0x002130         0x74 c:/program files/microchip/xc16/v2.00/bin/bin/../../lib\libc99-elf.a(__pop_ptr.XX_lo)
                  0x002130                  ___pop_ptr_needed
                  0x002130                  ___pop_ptr
 .libc.__stpcpy
                  0x0021a4         0x40 c:/program files/microchip/xc16/v2.00/bin/bin/../../lib\libc99-elf.a(stpcpy.XX_o)
                  0x0021a4                  ___stpcpy
                  0x0021a4                  _stpcpy
 .libm.eqdf2      0x0021e4          0xa c:/program files/microchip/xc16/v2.00/bin/bin/../../lib\libc99-pic30-elf.a(deqltle.XX_o)
                  0x0021e4                  ___eqdf2
                  0x0021e4                  ___ltdf2
                  0x0021e4                  ___ledf2
 .libm.extendsfdf2
                  0x0021ee         0x3e c:/program files/microchip/xc16/v2.00/bin/bin/../../lib\libc99-pic30-elf.a(extendsfdf.XX_o)
                  0x0021ee                  ___extendsfdf2
 .libm.fixdfsi    0x00222c         0x58 c:/program files/microchip/xc16/v2.00/bin/bin/../../lib\libc99-pic30-elf.a(fixdfsi.XX_o)
                  0x00222c                  _(float, int, long long, double, float, short, int)
 .libm.mulsi3     0x002284          0xc c:/program files/microchip/xc16/v2.00/bin/bin/../../lib\libc99-pic30-elf.a(mulsi3.XX_o)
                  0x002284                  ___mulp32peds3
                  0x002284                  ___mulsi3
                  0x002284                  ___mulp32eds3
 .lib_dpfops      0x002290         0xa2 c:/program files/microchip/xc16/v2.00/bin/bin/../../lib\libc99-pic30-elf.a(dpadd.XX_o)
                  0x002290                  ___subdf3
                  0x00229c                  ___adddf3
 .lib_dpfops      0x002332        0x15e c:/program files/microchip/xc16/v2.00/bin/bin/../../lib\libc99-pic30-elf.a(dpdiv.XX_o)
                  0x002332                  ___divdf3
 .lib_dpfops      0x002490        0x11a c:/program files/microchip/xc16/v2.00/bin/bin/../../lib\libc99-pic30-elf.a(dpmul.XX_o)
                  0x002490                  ___muldf3
 .lib_dpfops      0x0025aa        0x128 c:/program files/microchip/xc16/v2.00/bin/bin/../../lib\libc99-pic30-elf.a(dpsubs.XX_o)
                  0x0025c4                  __dxchg
                  0x0025d2                  __drshft
                  0x00262c                  __dupchk
                  0x00268e                  __drndex
                  0x002698                  __dnsrnd
                  0x0026c4                  __dpakex
 .libm.dcompare
                  0x0026d2         0x52 c:/program files/microchip/xc16/v2.00/bin/bin/../../lib\libc99-pic30-elf.a(dcompare.XX_o)
                  0x0026d2                  __dcompare
 .libm.dtype      0x002724         0x24 c:/program files/microchip/xc16/v2.00/bin/bin/../../lib\libc99-pic30-elf.a(dtype.XX_o)
                  0x002724                  __dtype
 .libm.dunpack    0x002748         0x4e c:/program files/microchip/xc16/v2.00/bin/bin/../../lib\libc99-pic30-elf.a(dunpack.XX_o)
                  0x002748                  __dunpack
 .libm.dunpack2
                  0x002796         0x32 c:/program files/microchip/xc16/v2.00/bin/bin/../../lib\libc99-pic30-elf.a(dunpack2.XX_o)
                  0x002796                  __dunpack2
                  0x0027b8                  __dreturnNaN
                  0x0027be                  __dunpack2exit
 .libm.dPropagateNaN
                  0x0027c8         0x1c c:/program files/microchip/xc16/v2.00/bin/bin/../../lib\libc99-pic30-elf.a(dpropagateNaN.XX_o)
                  0x0027c8                  __dPropagateNaN
 .libm.__PplusBdi
                  0x0027e4         0x26 c:/program files/microchip/xc16/v2.00/bin/bin/../../lib\libc99-pic30-elf.a(divmoddi3.XX_o)
 .libm.__PminusBdi
                  0x00280a         0x26 c:/program files/microchip/xc16/v2.00/bin/bin/../../lib\libc99-pic30-elf.a(divmoddi3.XX_o)
 .libm.__udivmoddi3
                  0x002830         0xf8 c:/program files/microchip/xc16/v2.00/bin/bin/../../lib\libc99-pic30-elf.a(divmoddi3.XX_o)
                  0x002830                  ___udivmoddi3
 .libm.__udivdi3
                  0x002928          0xe c:/program files/microchip/xc16/v2.00/bin/bin/../../lib\libc99-pic30-elf.a(divmoddi3.XX_o)
                  0x002928                  ___udivdi3
 .libm.__umoddi3
                  0x002936          0x8 c:/program files/microchip/xc16/v2.00/bin/bin/../../lib\libc99-pic30-elf.a(divmoddi3.XX_o)
                  0x002936                  ___umoddi3
 .libm.__divdi3
                  0x00293e         0x60 c:/program files/microchip/xc16/v2.00/bin/bin/../../lib\libc99-pic30-elf.a(divmoddi3.XX_o)
                  0x00293e                  ___divdi3
 .libm.__moddi3
                  0x00299e         0x5c c:/program files/microchip/xc16/v2.00/bin/bin/../../lib\libc99-pic30-elf.a(divmoddi3.XX_o)
                  0x00299e                  ___moddi3
 .libm.__muldi3
                  0x0029fa         0x52 c:/program files/microchip/xc16/v2.00/bin/bin/../../lib\libc99-pic30-elf.a(muldi3.XX_o)
                  0x0029fa                  ___muldi3
 .libm.umuldi3    0x002a4c         0x44 c:/program files/microchip/xc16/v2.00/bin/bin/../../lib\libc99-pic30-elf.a(umuldi3.XX_o)
                  0x002a4c                  ___umuldi3
 .libc.floorl     0x002a90         0xf8 c:/program files/microchip/xc16/v2.00/bin/bin/../../lib\libm-elf.a(floorl.XX_o)
                  0x002a90                  _floorl
 .libm.gtdf2      0x002b88          0xa c:/program files/microchip/xc16/v2.00/bin/bin/../../lib\libc99-pic30-elf.a(dgtge.XX_o)
                  0x002b88                  ___gtdf2
                  0x002b88                  ___gedf2

usercode
 *(usercode)

__CONFIG4
 *(__CONFIG4.sec*)

__CONFIG3
 *(__CONFIG3.sec*)

__CONFIG2
 *(__CONFIG2.sec*)

__CONFIG1
 *(__CONFIG1.sec*)

.comment
 *(.comment)

.debug_info       0x000000      0x129cb
 *(.debug_info)
 .debug_info      0x000000         0x8e build/default/production/mcc_generated_files/memory/flash.o
 .debug_info      0x00008e        0x6d8 build/default/production/mcc_generated_files/usb/example_mcc_usb_cdc.o
 .debug_info      0x000766        0x805 build/default/production/mcc_generated_files/usb/usb_descriptors.o
 .debug_info      0x000f6b       0x270d build/default/production/mcc_generated_files/usb/usb_device.o
 .debug_info      0x003678       0x1534 build/default/production/mcc_generated_files/usb/usb_device_cdc.o
 .debug_info      0x004bac        0x578 build/default/production/mcc_generated_files/usb/usb_device_events.o
 .debug_info      0x005124       0x10c9 build/default/production/mcc_generated_files/usb/usb_hal_16bit.o
 .debug_info      0x0061ed        0x3f8 build/default/production/mcc_generated_files/clock.o
 .debug_info      0x0065e5        0x4d1 build/default/production/mcc_generated_files/ext_int.o
 .debug_info      0x006ab6        0x628 build/default/production/mcc_generated_files/interrupt_manager.o
 .debug_info      0x0070de        0x159 build/default/production/mcc_generated_files/mcc.o
 .debug_info      0x007237        0x923 build/default/production/mcc_generated_files/pin_manager.o
 .debug_info      0x007b5a        0x852 build/default/production/mcc_generated_files/spi1.o
 .debug_info      0x0083ac        0x158 build/default/production/mcc_generated_files/system.o
 .debug_info      0x008504        0xab3 build/default/production/mcc_generated_files/tmr1.o
 .debug_info      0x008fb7        0x783 build/default/production/mcc_generated_files/tmr2.o
 .debug_info      0x00973a        0x373 build/default/production/mcc_generated_files/traps.o
 .debug_info      0x009aad       0x1489 build/default/production/src/driver/sx1278.o
 .debug_info      0x00af36        0x291 build/default/production/src/driver/timerdriver.o
 .debug_info      0x00b1c7        0x404 build/default/production/src/driver/usbdriver.o
 .debug_info      0x00b5cb        0xfac build/default/production/src/protocol/maclayer.o
 .debug_info      0x00c577       0x1170 build/default/production/src/protocol/networklayer.o
 .debug_info      0x00d6e7       0x1410 build/default/production/src/system/terminal.o
 .debug_info      0x00eaf7        0xa9d build/default/production/src/system/packetBuffer.o
 .debug_info      0x00f594        0x3c8 build/default/production/src/system/flashHandler.o
 .debug_info      0x00f95c        0x8f2 build/default/production/src/debugprint.o
 .debug_info      0x01024e        0x7a2 build/default/production/src/hal.o
 .debug_info      0x0109f0        0xf65 build/default/production/src/main.o
 .debug_info      0x011955         0x90 c:/program files/microchip/xc16/v2.00/bin/bin/../../lib\libc99-pic30-elf.a(fixunssfsi.XX_o)
 .debug_info      0x0119e5         0x91 c:/program files/microchip/xc16/v2.00/bin/bin/../../lib\libc99-pic30-elf.a(floatunsisf.XX_o)
 .debug_info      0x011a76         0x8d c:/program files/microchip/xc16/v2.00/bin/bin/../../lib\libc99-pic30-elf.a(funpack.XX_o)
 .debug_info      0x011b03         0x9d c:/program files/microchip/xc16/v2.00/bin/bin/../../lib\libc99-pic30-elf.a(divsf3x.XX_o)
 .debug_info      0x011ba0         0x9d c:/program files/microchip/xc16/v2.00/bin/bin/../../lib\libc99-pic30-elf.a(mulsf3x.XX_o)
 .debug_info      0x011c3d         0xa0 c:/program files/microchip/xc16/v2.00/bin/bin/../../lib\libc99-pic30-elf.a(dnrmpackfx.XX_o)
 .debug_info      0x011cdd         0xa2 c:/program files/microchip/xc16/v2.00/bin/bin/../../lib\libc99-pic30-elf.a(unpackdnrmfx.XX_o)
 .debug_info      0x011d7f         0x9c c:/program files/microchip/xc16/v2.00/bin/bin/../../lib\libc99-pic30-elf.a(typefx.XX_o)
 .debug_info      0x011e1b         0x9f c:/program files/microchip/xc16/v2.00/bin/bin/../../lib\libc99-pic30-elf.a(propnanfx.XX_o)
 .debug_info      0x011eba         0x9d c:/program files/microchip/xc16/v2.00/bin/bin/../../lib\libc99-pic30-elf.a(spackfx.XX_o)
 .debug_info      0x011f57         0x9e c:/program files/microchip/xc16/v2.00/bin/bin/../../lib\libc99-pic30-elf.a(unpackfx.XX_o)
 .debug_info      0x011ff5         0x91 c:/program files/microchip/xc16/v2.00/bin/bin/../../lib\libc99-pic30-elf.a(floatundisf.XX_o)
 .debug_info      0x012086         0x8b c:/program files/microchip/xc16/v2.00/bin/bin/../../lib\libc99-pic30-elf.a(fpack.XX_o)
 .debug_info      0x012111         0x8d c:/program files/microchip/xc16/v2.00/bin/bin/../../lib\libc99-pic30-elf.a(deqltle.XX_o)
 .debug_info      0x01219e         0x90 c:/program files/microchip/xc16/v2.00/bin/bin/../../lib\libc99-pic30-elf.a(extendsfdf.XX_o)
 .debug_info      0x01222e         0x8d c:/program files/microchip/xc16/v2.00/bin/bin/../../lib\libc99-pic30-elf.a(fixdfsi.XX_o)
 .debug_info      0x0122bb         0x8c c:/program files/microchip/xc16/v2.00/bin/bin/../../lib\libc99-pic30-elf.a(mulsi3.XX_o)
 .debug_info      0x012347         0xa9 c:/program files/microchip/xc16/v2.00/bin/bin/../../lib\libc99-pic30-elf.a(dpadd.XX_o)
 .debug_info      0x0123f0         0xa9 c:/program files/microchip/xc16/v2.00/bin/bin/../../lib\libc99-pic30-elf.a(dpdiv.XX_o)
 .debug_info      0x012499         0xa9 c:/program files/microchip/xc16/v2.00/bin/bin/../../lib\libc99-pic30-elf.a(dpmul.XX_o)
 .debug_info      0x012542         0xaa c:/program files/microchip/xc16/v2.00/bin/bin/../../lib\libc99-pic30-elf.a(dpsubs.XX_o)
 .debug_info      0x0125ec         0x8e c:/program files/microchip/xc16/v2.00/bin/bin/../../lib\libc99-pic30-elf.a(dcompare.XX_o)
 .debug_info      0x01267a         0x8b c:/program files/microchip/xc16/v2.00/bin/bin/../../lib\libc99-pic30-elf.a(dtype.XX_o)
 .debug_info      0x012705         0x8d c:/program files/microchip/xc16/v2.00/bin/bin/../../lib\libc99-pic30-elf.a(dunpack.XX_o)
 .debug_info      0x012792         0x8e c:/program files/microchip/xc16/v2.00/bin/bin/../../lib\libc99-pic30-elf.a(dunpack2.XX_o)
 .debug_info      0x012820         0x93 c:/program files/microchip/xc16/v2.00/bin/bin/../../lib\libc99-pic30-elf.a(dpropagateNaN.XX_o)
 .debug_info      0x0128b3         0x8d c:/program files/microchip/xc16/v2.00/bin/bin/../../lib\libc99-pic30-elf.a(umuldi3.XX_o)
 .debug_info      0x012940         0x8b c:/program files/microchip/xc16/v2.00/bin/bin/../../lib\libc99-pic30-elf.a(dgtge.XX_o)
 *(.gnu.linkonce.wi.*)

.debug_abbrev     0x000000       0x22ca
 *(.debug_abbrev)
 .debug_abbrev    0x000000         0x14 build/default/production/mcc_generated_files/memory/flash.o
 .debug_abbrev    0x000014         0xf6 build/default/production/mcc_generated_files/usb/example_mcc_usb_cdc.o
 .debug_abbrev    0x00010a        0x102 build/default/production/mcc_generated_files/usb/usb_descriptors.o
 .debug_abbrev    0x00020c        0x2b6 build/default/production/mcc_generated_files/usb/usb_device.o
 .debug_abbrev    0x0004c2        0x214 build/default/production/mcc_generated_files/usb/usb_device_cdc.o
 .debug_abbrev    0x0006d6         0x91 build/default/production/mcc_generated_files/usb/usb_device_events.o
 .debug_abbrev    0x000767        0x1c6 build/default/production/mcc_generated_files/usb/usb_hal_16bit.o
 .debug_abbrev    0x00092d         0xc5 build/default/production/mcc_generated_files/clock.o
 .debug_abbrev    0x0009f2         0xbf build/default/production/mcc_generated_files/ext_int.o
 .debug_abbrev    0x000ab1         0xb4 build/default/production/mcc_generated_files/interrupt_manager.o
 .debug_abbrev    0x000b65         0x34 build/default/production/mcc_generated_files/mcc.o
 .debug_abbrev    0x000b99         0xd6 build/default/production/mcc_generated_files/pin_manager.o
 .debug_abbrev    0x000c6f        0x158 build/default/production/mcc_generated_files/spi1.o
 .debug_abbrev    0x000dc7         0x34 build/default/production/mcc_generated_files/system.o
 .debug_abbrev    0x000dfb        0x197 build/default/production/mcc_generated_files/tmr1.o
 .debug_abbrev    0x000f92        0x181 build/default/production/mcc_generated_files/tmr2.o
 .debug_abbrev    0x001113        0x100 build/default/production/mcc_generated_files/traps.o
 .debug_abbrev    0x001213        0x21c build/default/production/src/driver/sx1278.o
 .debug_abbrev    0x00142f         0xa8 build/default/production/src/driver/timerdriver.o
 .debug_abbrev    0x0014d7        0x13c build/default/production/src/driver/usbdriver.o
 .debug_abbrev    0x001613        0x196 build/default/production/src/protocol/maclayer.o
 .debug_abbrev    0x0017a9        0x1c8 build/default/production/src/protocol/networklayer.o
 .debug_abbrev    0x001971        0x1d0 build/default/production/src/system/terminal.o
 .debug_abbrev    0x001b41         0xe4 build/default/production/src/system/packetBuffer.o
 .debug_abbrev    0x001c25         0xc6 build/default/production/src/system/flashHandler.o
 .debug_abbrev    0x001ceb         0xfd build/default/production/src/debugprint.o
 .debug_abbrev    0x001de8         0xe3 build/default/production/src/hal.o
 .debug_abbrev    0x001ecb        0x1cf build/default/production/src/main.o
 .debug_abbrev    0x00209a         0x14 c:/program files/microchip/xc16/v2.00/bin/bin/../../lib\libc99-pic30-elf.a(fixunssfsi.XX_o)
 .debug_abbrev    0x0020ae         0x14 c:/program files/microchip/xc16/v2.00/bin/bin/../../lib\libc99-pic30-elf.a(floatunsisf.XX_o)
 .debug_abbrev    0x0020c2         0x14 c:/program files/microchip/xc16/v2.00/bin/bin/../../lib\libc99-pic30-elf.a(funpack.XX_o)
 .debug_abbrev    0x0020d6         0x14 c:/program files/microchip/xc16/v2.00/bin/bin/../../lib\libc99-pic30-elf.a(divsf3x.XX_o)
 .debug_abbrev    0x0020ea         0x14 c:/program files/microchip/xc16/v2.00/bin/bin/../../lib\libc99-pic30-elf.a(mulsf3x.XX_o)
 .debug_abbrev    0x0020fe         0x14 c:/program files/microchip/xc16/v2.00/bin/bin/../../lib\libc99-pic30-elf.a(dnrmpackfx.XX_o)
 .debug_abbrev    0x002112         0x14 c:/program files/microchip/xc16/v2.00/bin/bin/../../lib\libc99-pic30-elf.a(unpackdnrmfx.XX_o)
 .debug_abbrev    0x002126         0x14 c:/program files/microchip/xc16/v2.00/bin/bin/../../lib\libc99-pic30-elf.a(typefx.XX_o)
 .debug_abbrev    0x00213a         0x14 c:/program files/microchip/xc16/v2.00/bin/bin/../../lib\libc99-pic30-elf.a(propnanfx.XX_o)
 .debug_abbrev    0x00214e         0x14 c:/program files/microchip/xc16/v2.00/bin/bin/../../lib\libc99-pic30-elf.a(spackfx.XX_o)
 .debug_abbrev    0x002162         0x14 c:/program files/microchip/xc16/v2.00/bin/bin/../../lib\libc99-pic30-elf.a(unpackfx.XX_o)
 .debug_abbrev    0x002176         0x14 c:/program files/microchip/xc16/v2.00/bin/bin/../../lib\libc99-pic30-elf.a(floatundisf.XX_o)
 .debug_abbrev    0x00218a         0x14 c:/program files/microchip/xc16/v2.00/bin/bin/../../lib\libc99-pic30-elf.a(fpack.XX_o)
 .debug_abbrev    0x00219e         0x14 c:/program files/microchip/xc16/v2.00/bin/bin/../../lib\libc99-pic30-elf.a(deqltle.XX_o)
 .debug_abbrev    0x0021b2         0x14 c:/program files/microchip/xc16/v2.00/bin/bin/../../lib\libc99-pic30-elf.a(extendsfdf.XX_o)
 .debug_abbrev    0x0021c6         0x14 c:/program files/microchip/xc16/v2.00/bin/bin/../../lib\libc99-pic30-elf.a(fixdfsi.XX_o)
 .debug_abbrev    0x0021da         0x14 c:/program files/microchip/xc16/v2.00/bin/bin/../../lib\libc99-pic30-elf.a(mulsi3.XX_o)
 .debug_abbrev    0x0021ee         0x14 c:/program files/microchip/xc16/v2.00/bin/bin/../../lib\libc99-pic30-elf.a(dpadd.XX_o)
 .debug_abbrev    0x002202         0x14 c:/program files/microchip/xc16/v2.00/bin/bin/../../lib\libc99-pic30-elf.a(dpdiv.XX_o)
 .debug_abbrev    0x002216         0x14 c:/program files/microchip/xc16/v2.00/bin/bin/../../lib\libc99-pic30-elf.a(dpmul.XX_o)
 .debug_abbrev    0x00222a         0x14 c:/program files/microchip/xc16/v2.00/bin/bin/../../lib\libc99-pic30-elf.a(dpsubs.XX_o)
 .debug_abbrev    0x00223e         0x14 c:/program files/microchip/xc16/v2.00/bin/bin/../../lib\libc99-pic30-elf.a(dcompare.XX_o)
 .debug_abbrev    0x002252         0x14 c:/program files/microchip/xc16/v2.00/bin/bin/../../lib\libc99-pic30-elf.a(dtype.XX_o)
 .debug_abbrev    0x002266         0x14 c:/program files/microchip/xc16/v2.00/bin/bin/../../lib\libc99-pic30-elf.a(dunpack.XX_o)
 .debug_abbrev    0x00227a         0x14 c:/program files/microchip/xc16/v2.00/bin/bin/../../lib\libc99-pic30-elf.a(dunpack2.XX_o)
 .debug_abbrev    0x00228e         0x14 c:/program files/microchip/xc16/v2.00/bin/bin/../../lib\libc99-pic30-elf.a(dpropagateNaN.XX_o)
 .debug_abbrev    0x0022a2         0x14 c:/program files/microchip/xc16/v2.00/bin/bin/../../lib\libc99-pic30-elf.a(umuldi3.XX_o)
 .debug_abbrev    0x0022b6         0x14 c:/program files/microchip/xc16/v2.00/bin/bin/../../lib\libc99-pic30-elf.a(dgtge.XX_o)

.debug_line       0x000000       0x3546
 *(.debug_line)
 .debug_line      0x000000         0xf7 build/default/production/mcc_generated_files/memory/flash.o
 .debug_line      0x0000f7        0x178 build/default/production/mcc_generated_files/usb/example_mcc_usb_cdc.o
 .debug_line      0x00026f         0xc7 build/default/production/mcc_generated_files/usb/usb_descriptors.o
 .debug_line      0x000336        0x464 build/default/production/mcc_generated_files/usb/usb_device.o
 .debug_line      0x00079a        0x245 build/default/production/mcc_generated_files/usb/usb_device_cdc.o
 .debug_line      0x0009df        0x101 build/default/production/mcc_generated_files/usb/usb_device_events.o
 .debug_line      0x000ae0        0x1b8 build/default/production/mcc_generated_files/usb/usb_hal_16bit.o
 .debug_line      0x000c98        0x123 build/default/production/mcc_generated_files/clock.o
 .debug_line      0x000dbb        0x135 build/default/production/mcc_generated_files/ext_int.o
 .debug_line      0x000ef0        0x128 build/default/production/mcc_generated_files/interrupt_manager.o
 .debug_line      0x001018         0x49 build/default/production/mcc_generated_files/mcc.o
 .debug_line      0x001061        0x131 build/default/production/mcc_generated_files/pin_manager.o
 .debug_line      0x001192        0x165 build/default/production/mcc_generated_files/spi1.o
 .debug_line      0x0012f7         0x53 build/default/production/mcc_generated_files/system.o
 .debug_line      0x00134a        0x194 build/default/production/mcc_generated_files/tmr1.o
 .debug_line      0x0014de        0x15b build/default/production/mcc_generated_files/tmr2.o
 .debug_line      0x001639        0x147 build/default/production/mcc_generated_files/traps.o
 .debug_line      0x001780        0x261 build/default/production/src/driver/sx1278.o
 .debug_line      0x0019e1         0xbd build/default/production/src/driver/timerdriver.o
 .debug_line      0x001a9e        0x180 build/default/production/src/driver/usbdriver.o
 .debug_line      0x001c1e        0x1d7 build/default/production/src/protocol/maclayer.o
 .debug_line      0x001df5        0x1f2 build/default/production/src/protocol/networklayer.o
 .debug_line      0x001fe7        0x285 build/default/production/src/system/terminal.o
 .debug_line      0x00226c        0x10b build/default/production/src/system/packetBuffer.o
 .debug_line      0x002377         0xbc build/default/production/src/system/flashHandler.o
 .debug_line      0x002433        0x17e build/default/production/src/debugprint.o
 .debug_line      0x0025b1         0xab build/default/production/src/hal.o
 .debug_line      0x00265c        0x1d5 build/default/production/src/main.o
 .debug_line      0x002831         0x53 c:/program files/microchip/xc16/v2.00/bin/bin/../../lib\libc99-pic30-elf.a(fixunssfsi.XX_o)
 .debug_line      0x002884         0x3b c:/program files/microchip/xc16/v2.00/bin/bin/../../lib\libc99-pic30-elf.a(floatunsisf.XX_o)
 .debug_line      0x0028bf         0x4a c:/program files/microchip/xc16/v2.00/bin/bin/../../lib\libc99-pic30-elf.a(funpack.XX_o)
 .debug_line      0x002909        0x124 c:/program files/microchip/xc16/v2.00/bin/bin/../../lib\libc99-pic30-elf.a(divsf3x.XX_o)
 .debug_line      0x002a2d         0xcc c:/program files/microchip/xc16/v2.00/bin/bin/../../lib\libc99-pic30-elf.a(mulsf3x.XX_o)
 .debug_line      0x002af9         0x72 c:/program files/microchip/xc16/v2.00/bin/bin/../../lib\libc99-pic30-elf.a(dnrmpackfx.XX_o)
 .debug_line      0x002b6b         0x7a c:/program files/microchip/xc16/v2.00/bin/bin/../../lib\libc99-pic30-elf.a(unpackdnrmfx.XX_o)
 .debug_line      0x002be5         0x5e c:/program files/microchip/xc16/v2.00/bin/bin/../../lib\libc99-pic30-elf.a(typefx.XX_o)
 .debug_line      0x002c43         0x51 c:/program files/microchip/xc16/v2.00/bin/bin/../../lib\libc99-pic30-elf.a(propnanfx.XX_o)
 .debug_line      0x002c94         0x98 c:/program files/microchip/xc16/v2.00/bin/bin/../../lib\libc99-pic30-elf.a(spackfx.XX_o)
 .debug_line      0x002d2c         0x79 c:/program files/microchip/xc16/v2.00/bin/bin/../../lib\libc99-pic30-elf.a(unpackfx.XX_o)
 .debug_line      0x002da5         0x1a c:/program files/microchip/xc16/v2.00/bin/bin/../../lib\libc99-pic30-elf.a(errno.XX_o)
 .debug_line      0x002dbf         0x6c c:/program files/microchip/xc16/v2.00/bin/bin/../../lib\libc99-pic30-elf.a(floatundisf.XX_o)
 .debug_line      0x002e2b         0x5a c:/program files/microchip/xc16/v2.00/bin/bin/../../lib\libc99-pic30-elf.a(fpack.XX_o)
 .debug_line      0x002e85         0x3a c:/program files/microchip/xc16/v2.00/bin/bin/../../lib\libc99-pic30-elf.a(deqltle.XX_o)
 .debug_line      0x002ebf         0x59 c:/program files/microchip/xc16/v2.00/bin/bin/../../lib\libc99-pic30-elf.a(extendsfdf.XX_o)
 .debug_line      0x002f18         0x61 c:/program files/microchip/xc16/v2.00/bin/bin/../../lib\libc99-pic30-elf.a(fixdfsi.XX_o)
 .debug_line      0x002f79         0x3a c:/program files/microchip/xc16/v2.00/bin/bin/../../lib\libc99-pic30-elf.a(mulsi3.XX_o)
 .debug_line      0x002fb3         0xa2 c:/program files/microchip/xc16/v2.00/bin/bin/../../lib\libc99-pic30-elf.a(dpadd.XX_o)
 .debug_line      0x003055        0x100 c:/program files/microchip/xc16/v2.00/bin/bin/../../lib\libc99-pic30-elf.a(dpdiv.XX_o)
 .debug_line      0x003155         0xde c:/program files/microchip/xc16/v2.00/bin/bin/../../lib\libc99-pic30-elf.a(dpmul.XX_o)
 .debug_line      0x003233         0xe8 c:/program files/microchip/xc16/v2.00/bin/bin/../../lib\libc99-pic30-elf.a(dpsubs.XX_o)
 .debug_line      0x00331b         0x5f c:/program files/microchip/xc16/v2.00/bin/bin/../../lib\libc99-pic30-elf.a(dcompare.XX_o)
 .debug_line      0x00337a         0x45 c:/program files/microchip/xc16/v2.00/bin/bin/../../lib\libc99-pic30-elf.a(dtype.XX_o)
 .debug_line      0x0033bf         0x5c c:/program files/microchip/xc16/v2.00/bin/bin/../../lib\libc99-pic30-elf.a(dunpack.XX_o)
 .debug_line      0x00341b         0x53 c:/program files/microchip/xc16/v2.00/bin/bin/../../lib\libc99-pic30-elf.a(dunpack2.XX_o)
 .debug_line      0x00346e         0x49 c:/program files/microchip/xc16/v2.00/bin/bin/../../lib\libc99-pic30-elf.a(dpropagateNaN.XX_o)
 .debug_line      0x0034b7         0x57 c:/program files/microchip/xc16/v2.00/bin/bin/../../lib\libc99-pic30-elf.a(umuldi3.XX_o)
 .debug_line      0x00350e         0x38 c:/program files/microchip/xc16/v2.00/bin/bin/../../lib\libc99-pic30-elf.a(dgtge.XX_o)

.debug_frame      0x000000       0x1630
 *(.debug_frame)
 .debug_frame     0x000000         0x2e build/default/production/mcc_generated_files/usb/example_mcc_usb_cdc.o
 .debug_frame     0x00002e        0x2ec build/default/production/mcc_generated_files/usb/usb_device.o
 .debug_frame     0x00031a         0xe4 build/default/production/mcc_generated_files/usb/usb_device_cdc.o
 .debug_frame     0x0003fe         0x74 build/default/production/mcc_generated_files/usb/usb_device_events.o
 .debug_frame     0x000472         0xca build/default/production/mcc_generated_files/usb/usb_hal_16bit.o
 .debug_frame     0x00053c         0x2e build/default/production/mcc_generated_files/clock.o
 .debug_frame     0x00056a         0x86 build/default/production/mcc_generated_files/ext_int.o
 .debug_frame     0x0005f0         0x2e build/default/production/mcc_generated_files/interrupt_manager.o
 .debug_frame     0x00061e         0x2e build/default/production/mcc_generated_files/mcc.o
 .debug_frame     0x00064c         0x2e build/default/production/mcc_generated_files/pin_manager.o
 .debug_frame     0x00067a         0xb0 build/default/production/mcc_generated_files/spi1.o
 .debug_frame     0x00072a         0x2e build/default/production/mcc_generated_files/system.o
 .debug_frame     0x000758        0x170 build/default/production/mcc_generated_files/tmr1.o
 .debug_frame     0x0008c8        0x170 build/default/production/mcc_generated_files/tmr2.o
 .debug_frame     0x000a38         0x7e build/default/production/mcc_generated_files/traps.o
 .debug_frame     0x000ab6        0x2bc build/default/production/src/driver/sx1278.o
 .debug_frame     0x000d72         0x62 build/default/production/src/driver/timerdriver.o
 .debug_frame     0x000dd4         0x62 build/default/production/src/driver/usbdriver.o
 .debug_frame     0x000e36         0xca build/default/production/src/protocol/maclayer.o
 .debug_frame     0x000f00        0x166 build/default/production/src/protocol/networklayer.o
 .debug_frame     0x001066        0x2ac build/default/production/src/system/terminal.o
 .debug_frame     0x001312         0xec build/default/production/src/system/packetBuffer.o
 .debug_frame     0x0013fe         0x48 build/default/production/src/system/flashHandler.o
 .debug_frame     0x001446         0xbe build/default/production/src/debugprint.o
 .debug_frame     0x001504         0x7c build/default/production/src/hal.o
 .debug_frame     0x001580         0xb0 build/default/production/src/main.o

.debug_str        0x000000        0x745
 *(.debug_str)
 .debug_str       0x000000         0x28 build/default/production/mcc_generated_files/usb/example_mcc_usb_cdc.o
 .debug_str       0x000028         0x2a build/default/production/mcc_generated_files/usb/usb_descriptors.o
 .debug_str       0x000052        0x2ae build/default/production/mcc_generated_files/usb/usb_device.o
 .debug_str       0x000300         0xde build/default/production/mcc_generated_files/usb/usb_device_cdc.o
 .debug_str       0x0003de         0xa1 build/default/production/mcc_generated_files/usb/usb_hal_16bit.o
 .debug_str       0x00047f          0xb build/default/production/mcc_generated_files/clock.o
 .debug_str       0x00048a         0x1e build/default/production/mcc_generated_files/ext_int.o
 .debug_str       0x0004a8         0x25 build/default/production/mcc_generated_files/interrupt_manager.o
 .debug_str       0x0004cd         0x35 build/default/production/mcc_generated_files/pin_manager.o
 .debug_str       0x000502         0x5a build/default/production/mcc_generated_files/spi1.o
 .debug_str       0x00055c         0x1c build/default/production/mcc_generated_files/tmr1.o
 .debug_str       0x000578         0x1c build/default/production/mcc_generated_files/tmr2.o
 .debug_str       0x000594          0xc build/default/production/mcc_generated_files/traps.o
 .debug_str       0x0005a0         0x3f build/default/production/src/driver/sx1278.o
 .debug_str       0x0005df         0x29 build/default/production/src/driver/timerdriver.o
 .debug_str       0x000608         0x28 build/default/production/src/driver/usbdriver.o
 .debug_str       0x000630          0x9 build/default/production/src/protocol/maclayer.o
 .debug_str       0x000639         0x1e build/default/production/src/protocol/networklayer.o
 .debug_str       0x000657         0x66 build/default/production/src/system/terminal.o
 .debug_str       0x0006bd         0x1d build/default/production/src/system/packetBuffer.o
 .debug_str       0x0006da         0x16 build/default/production/src/system/flashHandler.o
 .debug_str       0x0006f0         0x2a build/default/production/src/debugprint.o
 .debug_str       0x00071a         0x2b build/default/production/src/main.o

.debug_loc
 *(.debug_loc)

.debug_macinfo
 *(.debug_macinfo)

.debug_pubnames
                  0x000000       0x124c
 *(.debug_pubnames)
 .debug_pubnames
                  0x000000         0x2c build/default/production/mcc_generated_files/usb/example_mcc_usb_cdc.o
 .debug_pubnames
                  0x00002c         0x73 build/default/production/mcc_generated_files/usb/usb_descriptors.o
 .debug_pubnames
                  0x00009f        0x3a3 build/default/production/mcc_generated_files/usb/usb_device.o
 .debug_pubnames
                  0x000442        0x1b2 build/default/production/mcc_generated_files/usb/usb_device_cdc.o
 .debug_pubnames
                  0x0005f4         0x49 build/default/production/mcc_generated_files/usb/usb_device_events.o
 .debug_pubnames
                  0x00063d         0xa2 build/default/production/mcc_generated_files/usb/usb_hal_16bit.o
 .debug_pubnames
                  0x0006df         0x27 build/default/production/mcc_generated_files/clock.o
 .debug_pubnames
                  0x000706         0x51 build/default/production/mcc_generated_files/ext_int.o
 .debug_pubnames
                  0x000757         0x2b build/default/production/mcc_generated_files/interrupt_manager.o
 .debug_pubnames
                  0x000782         0x2c build/default/production/mcc_generated_files/mcc.o
 .debug_pubnames
                  0x0007ae         0x2d build/default/production/mcc_generated_files/pin_manager.o
 .debug_pubnames
                  0x0007db         0x95 build/default/production/mcc_generated_files/spi1.o
 .debug_pubnames
                  0x000870         0x28 build/default/production/mcc_generated_files/system.o
 .debug_pubnames
                  0x000898        0x11f build/default/production/mcc_generated_files/tmr1.o
 .debug_pubnames
                  0x0009b7        0x11f build/default/production/mcc_generated_files/tmr2.o
 .debug_pubnames
                  0x000ad6         0x6f build/default/production/mcc_generated_files/traps.o
 .debug_pubnames
                  0x000b45        0x136 build/default/production/src/driver/sx1278.o
 .debug_pubnames
                  0x000c7b         0x7f build/default/production/src/driver/timerdriver.o
 .debug_pubnames
                  0x000cfa         0x49 build/default/production/src/driver/usbdriver.o
 .debug_pubnames
                  0x000d43         0x68 build/default/production/src/protocol/maclayer.o
 .debug_pubnames
                  0x000dab         0x99 build/default/production/src/protocol/networklayer.o
 .debug_pubnames
                  0x000e44        0x187 build/default/production/src/system/terminal.o
 .debug_pubnames
                  0x000fcb         0xbc build/default/production/src/system/packetBuffer.o
 .debug_pubnames
                  0x001087         0x2f build/default/production/src/system/flashHandler.o
 .debug_pubnames
                  0x0010b6         0x63 build/default/production/src/debugprint.o
 .debug_pubnames
                  0x001119         0x4d build/default/production/src/hal.o
 .debug_pubnames
                  0x001166         0xe6 build/default/production/src/main.o

.debug_ranges
 *(.debug_ranges)

.debug_aranges    0x000000        0x528
 *(.debug_aranges)
 .debug_aranges
                  0x000000         0x18 build/default/production/mcc_generated_files/memory/flash.o
 .debug_aranges
                  0x000018         0x18 build/default/production/mcc_generated_files/usb/example_mcc_usb_cdc.o
 .debug_aranges
                  0x000030         0x18 build/default/production/mcc_generated_files/usb/usb_device.o
 .debug_aranges
                  0x000048         0x18 build/default/production/mcc_generated_files/usb/usb_device_cdc.o
 .debug_aranges
                  0x000060         0x18 build/default/production/mcc_generated_files/usb/usb_device_events.o
 .debug_aranges
                  0x000078         0x18 build/default/production/mcc_generated_files/usb/usb_hal_16bit.o
 .debug_aranges
                  0x000090         0x18 build/default/production/mcc_generated_files/clock.o
 .debug_aranges
                  0x0000a8         0x18 build/default/production/mcc_generated_files/ext_int.o
 .debug_aranges
                  0x0000c0         0x18 build/default/production/mcc_generated_files/interrupt_manager.o
 .debug_aranges
                  0x0000d8         0x18 build/default/production/mcc_generated_files/mcc.o
 .debug_aranges
                  0x0000f0         0x18 build/default/production/mcc_generated_files/pin_manager.o
 .debug_aranges
                  0x000108         0x18 build/default/production/mcc_generated_files/spi1.o
 .debug_aranges
                  0x000120         0x18 build/default/production/mcc_generated_files/system.o
 .debug_aranges
                  0x000138         0x18 build/default/production/mcc_generated_files/tmr1.o
 .debug_aranges
                  0x000150         0x18 build/default/production/mcc_generated_files/tmr2.o
 .debug_aranges
                  0x000168         0x18 build/default/production/mcc_generated_files/traps.o
 .debug_aranges
                  0x000180         0x18 build/default/production/src/driver/sx1278.o
 .debug_aranges
                  0x000198         0x18 build/default/production/src/driver/timerdriver.o
 .debug_aranges
                  0x0001b0         0x18 build/default/production/src/driver/usbdriver.o
 .debug_aranges
                  0x0001c8         0x18 build/default/production/src/protocol/maclayer.o
 .debug_aranges
                  0x0001e0         0x18 build/default/production/src/protocol/networklayer.o
 .debug_aranges
                  0x0001f8         0x18 build/default/production/src/system/terminal.o
 .debug_aranges
                  0x000210         0x18 build/default/production/src/system/packetBuffer.o
 .debug_aranges
                  0x000228         0x18 build/default/production/src/system/flashHandler.o
 .debug_aranges
                  0x000240         0x18 build/default/production/src/debugprint.o
 .debug_aranges
                  0x000258         0x18 build/default/production/src/hal.o
 .debug_aranges
                  0x000270         0x18 build/default/production/src/main.o
 .debug_aranges
                  0x000288         0x18 c:/program files/microchip/xc16/v2.00/bin/bin/../../lib\libc99-pic30-elf.a(fixunssfsi.XX_o)
 .debug_aranges
                  0x0002a0         0x18 c:/program files/microchip/xc16/v2.00/bin/bin/../../lib\libc99-pic30-elf.a(floatunsisf.XX_o)
 .debug_aranges
                  0x0002b8         0x18 c:/program files/microchip/xc16/v2.00/bin/bin/../../lib\libc99-pic30-elf.a(funpack.XX_o)
 .debug_aranges
                  0x0002d0         0x18 c:/program files/microchip/xc16/v2.00/bin/bin/../../lib\libc99-pic30-elf.a(divsf3x.XX_o)
 .debug_aranges
                  0x0002e8         0x18 c:/program files/microchip/xc16/v2.00/bin/bin/../../lib\libc99-pic30-elf.a(mulsf3x.XX_o)
 .debug_aranges
                  0x000300         0x18 c:/program files/microchip/xc16/v2.00/bin/bin/../../lib\libc99-pic30-elf.a(dnrmpackfx.XX_o)
 .debug_aranges
                  0x000318         0x18 c:/program files/microchip/xc16/v2.00/bin/bin/../../lib\libc99-pic30-elf.a(unpackdnrmfx.XX_o)
 .debug_aranges
                  0x000330         0x18 c:/program files/microchip/xc16/v2.00/bin/bin/../../lib\libc99-pic30-elf.a(typefx.XX_o)
 .debug_aranges
                  0x000348         0x18 c:/program files/microchip/xc16/v2.00/bin/bin/../../lib\libc99-pic30-elf.a(propnanfx.XX_o)
 .debug_aranges
                  0x000360         0x18 c:/program files/microchip/xc16/v2.00/bin/bin/../../lib\libc99-pic30-elf.a(spackfx.XX_o)
 .debug_aranges
                  0x000378         0x18 c:/program files/microchip/xc16/v2.00/bin/bin/../../lib\libc99-pic30-elf.a(unpackfx.XX_o)
 .debug_aranges
                  0x000390         0x18 c:/program files/microchip/xc16/v2.00/bin/bin/../../lib\libc99-pic30-elf.a(floatundisf.XX_o)
 .debug_aranges
                  0x0003a8         0x18 c:/program files/microchip/xc16/v2.00/bin/bin/../../lib\libc99-pic30-elf.a(fpack.XX_o)
 .debug_aranges
                  0x0003c0         0x18 c:/program files/microchip/xc16/v2.00/bin/bin/../../lib\libc99-pic30-elf.a(deqltle.XX_o)
 .debug_aranges
                  0x0003d8         0x18 c:/program files/microchip/xc16/v2.00/bin/bin/../../lib\libc99-pic30-elf.a(extendsfdf.XX_o)
 .debug_aranges
                  0x0003f0         0x18 c:/program files/microchip/xc16/v2.00/bin/bin/../../lib\libc99-pic30-elf.a(fixdfsi.XX_o)
 .debug_aranges
                  0x000408         0x18 c:/program files/microchip/xc16/v2.00/bin/bin/../../lib\libc99-pic30-elf.a(mulsi3.XX_o)
 .debug_aranges
                  0x000420         0x18 c:/program files/microchip/xc16/v2.00/bin/bin/../../lib\libc99-pic30-elf.a(dpadd.XX_o)
 .debug_aranges
                  0x000438         0x18 c:/program files/microchip/xc16/v2.00/bin/bin/../../lib\libc99-pic30-elf.a(dpdiv.XX_o)
 .debug_aranges
                  0x000450         0x18 c:/program files/microchip/xc16/v2.00/bin/bin/../../lib\libc99-pic30-elf.a(dpmul.XX_o)
 .debug_aranges
                  0x000468         0x18 c:/program files/microchip/xc16/v2.00/bin/bin/../../lib\libc99-pic30-elf.a(dpsubs.XX_o)
 .debug_aranges
                  0x000480         0x18 c:/program files/microchip/xc16/v2.00/bin/bin/../../lib\libc99-pic30-elf.a(dcompare.XX_o)
 .debug_aranges
                  0x000498         0x18 c:/program files/microchip/xc16/v2.00/bin/bin/../../lib\libc99-pic30-elf.a(dtype.XX_o)
 .debug_aranges
                  0x0004b0         0x18 c:/program files/microchip/xc16/v2.00/bin/bin/../../lib\libc99-pic30-elf.a(dunpack.XX_o)
 .debug_aranges
                  0x0004c8         0x18 c:/program files/microchip/xc16/v2.00/bin/bin/../../lib\libc99-pic30-elf.a(dunpack2.XX_o)
 .debug_aranges
                  0x0004e0         0x18 c:/program files/microchip/xc16/v2.00/bin/bin/../../lib\libc99-pic30-elf.a(dpropagateNaN.XX_o)
 .debug_aranges
                  0x0004f8         0x18 c:/program files/microchip/xc16/v2.00/bin/bin/../../lib\libc99-pic30-elf.a(umuldi3.XX_o)
 .debug_aranges
                  0x000510         0x18 c:/program files/microchip/xc16/v2.00/bin/bin/../../lib\libc99-pic30-elf.a(dgtge.XX_o)
                    0x0000                  WREG0 = 0x0
                    0x0000                  _WREG0 = 0x0
                    0x0002                  WREG1 = 0x2
                    0x0002                  _WREG1 = 0x2
                    0x0004                  WREG2 = 0x4
                    0x0004                  _WREG2 = 0x4
                    0x0006                  WREG3 = 0x6
                    0x0006                  _WREG3 = 0x6
                    0x0008                  WREG4 = 0x8
                    0x0008                  _WREG4 = 0x8
                    0x000a                  WREG5 = 0xa
                    0x000a                  _WREG5 = 0xa
                    0x000c                  WREG6 = 0xc
                    0x000c                  _WREG6 = 0xc
                    0x000e                  WREG7 = 0xe
                    0x000e                  _WREG7 = 0xe
                    0x0010                  WREG8 = 0x10
                    0x0010                  _WREG8 = 0x10
                    0x0012                  WREG9 = 0x12
                    0x0012                  _WREG9 = 0x12
                    0x0014                  WREG10 = 0x14
                    0x0014                  _WREG10 = 0x14
                    0x0016                  WREG11 = 0x16
                    0x0016                  _WREG11 = 0x16
                    0x0018                  WREG12 = 0x18
                    0x0018                  _WREG12 = 0x18
                    0x001a                  WREG13 = 0x1a
                    0x001a                  _WREG13 = 0x1a
                    0x001c                  WREG14 = 0x1c
                    0x001c                  _WREG14 = 0x1c
                    0x001e                  WREG15 = 0x1e
                    0x001e                  _WREG15 = 0x1e
                    0x0020                  SPLIM = 0x20
                    0x0020                  _SPLIM = 0x20
                    0x002e                  PCL = 0x2e
                    0x002e                  _PCL = 0x2e
                    0x0030                  PCH = 0x30
                    0x0030                  _PCH = 0x30
                    0x0032                  TBLPAG = 0x32
                    0x0032                  _TBLPAG = 0x32
                    0x0034                  PSVPAG = 0x34
                    0x0034                  _PSVPAG = 0x34
                    0x0036                  RCOUNT = 0x36
                    0x0036                  _RCOUNT = 0x36
                    0x0042                  SR = 0x42
                    0x0042                  _SR = 0x42
                    0x0042                  _SRbits = 0x42
                    0x0044                  CORCON = 0x44
                    0x0044                  _CORCON = 0x44
                    0x0044                  _CORCONbits = 0x44
                    0x0052                  DISICNT = 0x52
                    0x0052                  _DISICNT = 0x52
                    0x0060                  CNEN1 = 0x60
                    0x0060                  _CNEN1 = 0x60
                    0x0060                  _CNEN1bits = 0x60
                    0x0062                  CNEN2 = 0x62
                    0x0062                  _CNEN2 = 0x62
                    0x0062                  _CNEN2bits = 0x62
                    0x0068                  CNPU1 = 0x68
                    0x0068                  _CNPU1 = 0x68
                    0x0068                  _CNPU1bits = 0x68
                    0x006a                  CNPU2 = 0x6a
                    0x006a                  _CNPU2 = 0x6a
                    0x006a                  _CNPU2bits = 0x6a
                    0x0080                  INTCON1 = 0x80
                    0x0080                  _INTCON1 = 0x80
                    0x0080                  _INTCON1bits = 0x80
                    0x0082                  INTCON2 = 0x82
                    0x0082                  _INTCON2 = 0x82
                    0x0082                  _INTCON2bits = 0x82
                    0x0084                  IFS0 = 0x84
                    0x0084                  _IFS0 = 0x84
                    0x0084                  _IFS0bits = 0x84
                    0x0086                  IFS1 = 0x86
                    0x0086                  _IFS1 = 0x86
                    0x0086                  _IFS1bits = 0x86
                    0x0088                  IFS2 = 0x88
                    0x0088                  _IFS2 = 0x88
                    0x0088                  _IFS2bits = 0x88
                    0x008a                  IFS3 = 0x8a
                    0x008a                  _IFS3 = 0x8a
                    0x008a                  _IFS3bits = 0x8a
                    0x008c                  IFS4 = 0x8c
                    0x008c                  _IFS4 = 0x8c
                    0x008c                  _IFS4bits = 0x8c
                    0x008e                  IFS5 = 0x8e
                    0x008e                  _IFS5 = 0x8e
                    0x008e                  _IFS5bits = 0x8e
                    0x0094                  IEC0 = 0x94
                    0x0094                  _IEC0 = 0x94
                    0x0094                  _IEC0bits = 0x94
                    0x0096                  IEC1 = 0x96
                    0x0096                  _IEC1 = 0x96
                    0x0096                  _IEC1bits = 0x96
                    0x0098                  IEC2 = 0x98
                    0x0098                  _IEC2 = 0x98
                    0x0098                  _IEC2bits = 0x98
                    0x009a                  IEC3 = 0x9a
                    0x009a                  _IEC3 = 0x9a
                    0x009a                  _IEC3bits = 0x9a
                    0x009c                  IEC4 = 0x9c
                    0x009c                  _IEC4 = 0x9c
                    0x009c                  _IEC4bits = 0x9c
                    0x009e                  IEC5 = 0x9e
                    0x009e                  _IEC5 = 0x9e
                    0x009e                  _IEC5bits = 0x9e
                    0x00a4                  IPC0 = 0xa4
                    0x00a4                  _IPC0 = 0xa4
                    0x00a4                  _IPC0bits = 0xa4
                    0x00a6                  IPC1 = 0xa6
                    0x00a6                  _IPC1 = 0xa6
                    0x00a6                  _IPC1bits = 0xa6
                    0x00a8                  IPC2 = 0xa8
                    0x00a8                  _IPC2 = 0xa8
                    0x00a8                  _IPC2bits = 0xa8
                    0x00aa                  IPC3 = 0xaa
                    0x00aa                  _IPC3 = 0xaa
                    0x00aa                  _IPC3bits = 0xaa
                    0x00ac                  IPC4 = 0xac
                    0x00ac                  _IPC4 = 0xac
                    0x00ac                  _IPC4bits = 0xac
                    0x00ae                  IPC5 = 0xae
                    0x00ae                  _IPC5 = 0xae
                    0x00ae                  _IPC5bits = 0xae
                    0x00b0                  IPC6 = 0xb0
                    0x00b0                  _IPC6 = 0xb0
                    0x00b0                  _IPC6bits = 0xb0
                    0x00b2                  IPC7 = 0xb2
                    0x00b2                  _IPC7 = 0xb2
                    0x00b2                  _IPC7bits = 0xb2
                    0x00b4                  IPC8 = 0xb4
                    0x00b4                  _IPC8 = 0xb4
                    0x00b4                  _IPC8bits = 0xb4
                    0x00b6                  IPC9 = 0xb6
                    0x00b6                  _IPC9 = 0xb6
                    0x00b6                  _IPC9bits = 0xb6
                    0x00b8                  IPC10 = 0xb8
                    0x00b8                  _IPC10 = 0xb8
                    0x00b8                  _IPC10bits = 0xb8
                    0x00ba                  IPC11 = 0xba
                    0x00ba                  _IPC11 = 0xba
                    0x00ba                  _IPC11bits = 0xba
                    0x00bc                  IPC12 = 0xbc
                    0x00bc                  _IPC12 = 0xbc
                    0x00bc                  _IPC12bits = 0xbc
                    0x00c2                  IPC15 = 0xc2
                    0x00c2                  _IPC15 = 0xc2
                    0x00c2                  _IPC15bits = 0xc2
                    0x00c4                  IPC16 = 0xc4
                    0x00c4                  _IPC16 = 0xc4
                    0x00c4                  _IPC16bits = 0xc4
                    0x00c8                  IPC18 = 0xc8
                    0x00c8                  _IPC18 = 0xc8
                    0x00c8                  _IPC18bits = 0xc8
                    0x00ca                  IPC19 = 0xca
                    0x00ca                  _IPC19 = 0xca
                    0x00ca                  _IPC19bits = 0xca
                    0x00ce                  IPC21 = 0xce
                    0x00ce                  _IPC21 = 0xce
                    0x00ce                  _IPC21bits = 0xce
                    0x00e0                  INTTREG = 0xe0
                    0x00e0                  _INTTREG = 0xe0
                    0x00e0                  _INTTREGbits = 0xe0
                    0x0100                  TMR1 = 0x100
                    0x0100                  _TMR1 = 0x100
                    0x0102                  PR1 = 0x102
                    0x0102                  _PR1 = 0x102
                    0x0104                  T1CON = 0x104
                    0x0104                  _T1CON = 0x104
                    0x0104                  _T1CONbits = 0x104
                    0x0106                  TMR2 = 0x106
                    0x0106                  _TMR2 = 0x106
                    0x0108                  TMR3HLD = 0x108
                    0x0108                  _TMR3HLD = 0x108
                    0x010a                  TMR3 = 0x10a
                    0x010a                  _TMR3 = 0x10a
                    0x010c                  PR2 = 0x10c
                    0x010c                  _PR2 = 0x10c
                    0x010e                  PR3 = 0x10e
                    0x010e                  _PR3 = 0x10e
                    0x0110                  T2CON = 0x110
                    0x0110                  _T2CON = 0x110
                    0x0110                  _T2CONbits = 0x110
                    0x0112                  T3CON = 0x112
                    0x0112                  _T3CON = 0x112
                    0x0112                  _T3CONbits = 0x112
                    0x0114                  TMR4 = 0x114
                    0x0114                  _TMR4 = 0x114
                    0x0116                  TMR5HLD = 0x116
                    0x0116                  _TMR5HLD = 0x116
                    0x0118                  TMR5 = 0x118
                    0x0118                  _TMR5 = 0x118
                    0x011a                  PR4 = 0x11a
                    0x011a                  _PR4 = 0x11a
                    0x011c                  PR5 = 0x11c
                    0x011c                  _PR5 = 0x11c
                    0x011e                  T4CON = 0x11e
                    0x011e                  _T4CON = 0x11e
                    0x011e                  _T4CONbits = 0x11e
                    0x0120                  T5CON = 0x120
                    0x0120                  _T5CON = 0x120
                    0x0120                  _T5CONbits = 0x120
                    0x0140                  IC1CON1 = 0x140
                    0x0140                  _IC1CON1 = 0x140
                    0x0140                  _IC1CON1bits = 0x140
                    0x0142                  IC1CON2 = 0x142
                    0x0142                  _IC1CON2 = 0x142
                    0x0142                  _IC1CON2bits = 0x142
                    0x0144                  IC1BUF = 0x144
                    0x0144                  _IC1BUF = 0x144
                    0x0146                  IC1TMR = 0x146
                    0x0146                  _IC1TMR = 0x146
                    0x0148                  IC2CON1 = 0x148
                    0x0148                  _IC2CON1 = 0x148
                    0x0148                  _IC2CON1bits = 0x148
                    0x014a                  IC2CON2 = 0x14a
                    0x014a                  _IC2CON2 = 0x14a
                    0x014a                  _IC2CON2bits = 0x14a
                    0x014c                  IC2BUF = 0x14c
                    0x014c                  _IC2BUF = 0x14c
                    0x014e                  IC2TMR = 0x14e
                    0x014e                  _IC2TMR = 0x14e
                    0x0150                  IC3CON1 = 0x150
                    0x0150                  _IC3CON1 = 0x150
                    0x0150                  _IC3CON1bits = 0x150
                    0x0152                  IC3CON2 = 0x152
                    0x0152                  _IC3CON2 = 0x152
                    0x0152                  _IC3CON2bits = 0x152
                    0x0154                  IC3BUF = 0x154
                    0x0154                  _IC3BUF = 0x154
                    0x0156                  IC3TMR = 0x156
                    0x0156                  _IC3TMR = 0x156
                    0x0158                  IC4CON1 = 0x158
                    0x0158                  _IC4CON1 = 0x158
                    0x0158                  _IC4CON1bits = 0x158
                    0x015a                  IC4CON2 = 0x15a
                    0x015a                  _IC4CON2 = 0x15a
                    0x015a                  _IC4CON2bits = 0x15a
                    0x015c                  IC4BUF = 0x15c
                    0x015c                  _IC4BUF = 0x15c
                    0x015e                  IC4TMR = 0x15e
                    0x015e                  _IC4TMR = 0x15e
                    0x0160                  IC5CON1 = 0x160
                    0x0160                  _IC5CON1 = 0x160
                    0x0160                  _IC5CON1bits = 0x160
                    0x0162                  IC5CON2 = 0x162
                    0x0162                  _IC5CON2 = 0x162
                    0x0162                  _IC5CON2bits = 0x162
                    0x0164                  IC5BUF = 0x164
                    0x0164                  _IC5BUF = 0x164
                    0x0166                  IC5TMR = 0x166
                    0x0166                  _IC5TMR = 0x166
                    0x0190                  OC1CON1 = 0x190
                    0x0190                  _OC1CON1 = 0x190
                    0x0190                  _OC1CON1bits = 0x190
                    0x0192                  OC1CON2 = 0x192
                    0x0192                  _OC1CON2 = 0x192
                    0x0192                  _OC1CON2bits = 0x192
                    0x0194                  OC1RS = 0x194
                    0x0194                  _OC1RS = 0x194
                    0x0196                  OC1R = 0x196
                    0x0196                  _OC1R = 0x196
                    0x0198                  OC1TMR = 0x198
                    0x0198                  _OC1TMR = 0x198
                    0x019a                  OC2CON1 = 0x19a
                    0x019a                  _OC2CON1 = 0x19a
                    0x019a                  _OC2CON1bits = 0x19a
                    0x019c                  OC2CON2 = 0x19c
                    0x019c                  _OC2CON2 = 0x19c
                    0x019c                  _OC2CON2bits = 0x19c
                    0x019e                  OC2RS = 0x19e
                    0x019e                  _OC2RS = 0x19e
                    0x01a0                  OC2R = 0x1a0
                    0x01a0                  _OC2R = 0x1a0
                    0x01a2                  OC2TMR = 0x1a2
                    0x01a2                  _OC2TMR = 0x1a2
                    0x01a4                  OC3CON1 = 0x1a4
                    0x01a4                  _OC3CON1 = 0x1a4
                    0x01a4                  _OC3CON1bits = 0x1a4
                    0x01a6                  OC3CON2 = 0x1a6
                    0x01a6                  _OC3CON2 = 0x1a6
                    0x01a6                  _OC3CON2bits = 0x1a6
                    0x01a8                  OC3RS = 0x1a8
                    0x01a8                  _OC3RS = 0x1a8
                    0x01aa                  OC3R = 0x1aa
                    0x01aa                  _OC3R = 0x1aa
                    0x01ac                  OC3TMR = 0x1ac
                    0x01ac                  _OC3TMR = 0x1ac
                    0x01ae                  OC4CON1 = 0x1ae
                    0x01ae                  _OC4CON1 = 0x1ae
                    0x01ae                  _OC4CON1bits = 0x1ae
                    0x01b0                  OC4CON2 = 0x1b0
                    0x01b0                  _OC4CON2 = 0x1b0
                    0x01b0                  _OC4CON2bits = 0x1b0
                    0x01b2                  OC4RS = 0x1b2
                    0x01b2                  _OC4RS = 0x1b2
                    0x01b4                  OC4R = 0x1b4
                    0x01b4                  _OC4R = 0x1b4
                    0x01b6                  OC4TMR = 0x1b6
                    0x01b6                  _OC4TMR = 0x1b6
                    0x01b8                  OC5CON1 = 0x1b8
                    0x01b8                  _OC5CON1 = 0x1b8
                    0x01b8                  _OC5CON1bits = 0x1b8
                    0x01ba                  OC5CON2 = 0x1ba
                    0x01ba                  _OC5CON2 = 0x1ba
                    0x01ba                  _OC5CON2bits = 0x1ba
                    0x01bc                  OC5RS = 0x1bc
                    0x01bc                  _OC5RS = 0x1bc
                    0x01be                  OC5R = 0x1be
                    0x01be                  _OC5R = 0x1be
                    0x01c0                  OC5TMR = 0x1c0
                    0x01c0                  _OC5TMR = 0x1c0
                    0x0200                  I2C1RCV = 0x200
                    0x0200                  _I2C1RCV = 0x200
                    0x0202                  I2C1TRN = 0x202
                    0x0202                  _I2C1TRN = 0x202
                    0x0204                  I2C1BRG = 0x204
                    0x0204                  _I2C1BRG = 0x204
                    0x0206                  I2C1CON = 0x206
                    0x0206                  _I2C1CON = 0x206
                    0x0206                  _I2C1CONbits = 0x206
                    0x0208                  I2C1STAT = 0x208
                    0x0208                  _I2C1STAT = 0x208
                    0x0208                  _I2C1STATbits = 0x208
                    0x020a                  I2C1ADD = 0x20a
                    0x020a                  _I2C1ADD = 0x20a
                    0x020c                  I2C1MSK = 0x20c
                    0x020c                  _I2C1MSK = 0x20c
                    0x0210                  I2C2RCV = 0x210
                    0x0210                  _I2C2RCV = 0x210
                    0x0212                  I2C2TRN = 0x212
                    0x0212                  _I2C2TRN = 0x212
                    0x0214                  I2C2BRG = 0x214
                    0x0214                  _I2C2BRG = 0x214
                    0x0216                  I2C2CON = 0x216
                    0x0216                  _I2C2CON = 0x216
                    0x0216                  _I2C2CONbits = 0x216
                    0x0218                  I2C2STAT = 0x218
                    0x0218                  _I2C2STAT = 0x218
                    0x0218                  _I2C2STATbits = 0x218
                    0x021a                  I2C2ADD = 0x21a
                    0x021a                  _I2C2ADD = 0x21a
                    0x021c                  I2C2MSK = 0x21c
                    0x021c                  _I2C2MSK = 0x21c
                    0x0220                  U1MODE = 0x220
                    0x0220                  _U1MODE = 0x220
                    0x0220                  _U1MODEbits = 0x220
                    0x0222                  U1STA = 0x222
                    0x0222                  _U1STA = 0x222
                    0x0222                  _U1STAbits = 0x222
                    0x0224                  U1TXREG = 0x224
                    0x0224                  _U1TXREG = 0x224
                    0x0224                  _U1TXREGbits = 0x224
                    0x0226                  U1RXREG = 0x226
                    0x0226                  _U1RXREG = 0x226
                    0x0226                  _U1RXREGbits = 0x226
                    0x0228                  U1BRG = 0x228
                    0x0228                  _U1BRG = 0x228
                    0x0230                  U2MODE = 0x230
                    0x0230                  _U2MODE = 0x230
                    0x0230                  _U2MODEbits = 0x230
                    0x0232                  U2STA = 0x232
                    0x0232                  _U2STA = 0x232
                    0x0232                  _U2STAbits = 0x232
                    0x0234                  U2TXREG = 0x234
                    0x0234                  _U2TXREG = 0x234
                    0x0234                  _U2TXREGbits = 0x234
                    0x0236                  U2RXREG = 0x236
                    0x0236                  _U2RXREG = 0x236
                    0x0236                  _U2RXREGbits = 0x236
                    0x0238                  U2BRG = 0x238
                    0x0238                  _U2BRG = 0x238
                    0x0240                  SPI1STAT = 0x240
                    0x0240                  _SPI1STAT = 0x240
                    0x0240                  _SPI1STATbits = 0x240
                    0x0242                  SPI1CON1 = 0x242
                    0x0242                  _SPI1CON1 = 0x242
                    0x0242                  _SPI1CON1bits = 0x242
                    0x0244                  SPI1CON2 = 0x244
                    0x0244                  _SPI1CON2 = 0x244
                    0x0244                  _SPI1CON2bits = 0x244
                    0x0248                  SPI1BUF = 0x248
                    0x0248                  _SPI1BUF = 0x248
                    0x0260                  SPI2STAT = 0x260
                    0x0260                  _SPI2STAT = 0x260
                    0x0260                  _SPI2STATbits = 0x260
                    0x0262                  SPI2CON1 = 0x262
                    0x0262                  _SPI2CON1 = 0x262
                    0x0262                  _SPI2CON1bits = 0x262
                    0x0264                  SPI2CON2 = 0x264
                    0x0264                  _SPI2CON2 = 0x264
                    0x0264                  _SPI2CON2bits = 0x264
                    0x0268                  SPI2BUF = 0x268
                    0x0268                  _SPI2BUF = 0x268
                    0x02c0                  TRISA = 0x2c0
                    0x02c0                  _TRISA = 0x2c0
                    0x02c0                  _TRISAbits = 0x2c0
                    0x02c2                  PORTA = 0x2c2
                    0x02c2                  _PORTA = 0x2c2
                    0x02c2                  _PORTAbits = 0x2c2
                    0x02c4                  LATA = 0x2c4
                    0x02c4                  _LATA = 0x2c4
                    0x02c4                  _LATAbits = 0x2c4
                    0x02c6                  ODCA = 0x2c6
                    0x02c6                  _ODCA = 0x2c6
                    0x02c6                  _ODCAbits = 0x2c6
                    0x02c8                  TRISB = 0x2c8
                    0x02c8                  _TRISB = 0x2c8
                    0x02c8                  _TRISBbits = 0x2c8
                    0x02ca                  PORTB = 0x2ca
                    0x02ca                  _PORTB = 0x2ca
                    0x02ca                  _PORTBbits = 0x2ca
                    0x02cc                  LATB = 0x2cc
                    0x02cc                  _LATB = 0x2cc
                    0x02cc                  _LATBbits = 0x2cc
                    0x02ce                  ODCB = 0x2ce
                    0x02ce                  _ODCB = 0x2ce
                    0x02ce                  _ODCBbits = 0x2ce
                    0x02fc                  PADCFG1 = 0x2fc
                    0x02fc                  _PADCFG1 = 0x2fc
                    0x02fc                  _PADCFG1bits = 0x2fc
                    0x0300                  ADC1BUF0 = 0x300
                    0x0300                  _ADC1BUF0 = 0x300
                    0x0302                  ADC1BUF1 = 0x302
                    0x0302                  _ADC1BUF1 = 0x302
                    0x0304                  ADC1BUF2 = 0x304
                    0x0304                  _ADC1BUF2 = 0x304
                    0x0306                  ADC1BUF3 = 0x306
                    0x0306                  _ADC1BUF3 = 0x306
                    0x0308                  ADC1BUF4 = 0x308
                    0x0308                  _ADC1BUF4 = 0x308
                    0x030a                  ADC1BUF5 = 0x30a
                    0x030a                  _ADC1BUF5 = 0x30a
                    0x030c                  ADC1BUF6 = 0x30c
                    0x030c                  _ADC1BUF6 = 0x30c
                    0x030e                  ADC1BUF7 = 0x30e
                    0x030e                  _ADC1BUF7 = 0x30e
                    0x0310                  ADC1BUF8 = 0x310
                    0x0310                  _ADC1BUF8 = 0x310
                    0x0312                  ADC1BUF9 = 0x312
                    0x0312                  _ADC1BUF9 = 0x312
                    0x0314                  ADC1BUFA = 0x314
                    0x0314                  _ADC1BUFA = 0x314
                    0x0316                  ADC1BUFB = 0x316
                    0x0316                  _ADC1BUFB = 0x316
                    0x0318                  ADC1BUFC = 0x318
                    0x0318                  _ADC1BUFC = 0x318
                    0x031a                  ADC1BUFD = 0x31a
                    0x031a                  _ADC1BUFD = 0x31a
                    0x031c                  ADC1BUFE = 0x31c
                    0x031c                  _ADC1BUFE = 0x31c
                    0x031e                  ADC1BUFF = 0x31e
                    0x031e                  _ADC1BUFF = 0x31e
                    0x0320                  AD1CON1 = 0x320
                    0x0320                  _AD1CON1 = 0x320
                    0x0320                  _AD1CON1bits = 0x320
                    0x0322                  AD1CON2 = 0x322
                    0x0322                  _AD1CON2 = 0x322
                    0x0322                  _AD1CON2bits = 0x322
                    0x0324                  AD1CON3 = 0x324
                    0x0324                  _AD1CON3 = 0x324
                    0x0324                  _AD1CON3bits = 0x324
                    0x0328                  AD1CHS = 0x328
                    0x0328                  _AD1CHS = 0x328
                    0x0328                  _AD1CHSbits = 0x328
                    0x0328                  AD1CHS0 = 0x328
                    0x0328                  _AD1CHS0 = 0x328
                    0x0328                  _AD1CHS0bits = 0x328
                    0x032c                  AD1PCFG = 0x32c
                    0x032c                  _AD1PCFG = 0x32c
                    0x032c                  _AD1PCFGbits = 0x32c
                    0x032c                  AD1PCFGL = 0x32c
                    0x032c                  _AD1PCFGL = 0x32c
                    0x032c                  _AD1PCFGLbits = 0x32c
                    0x0330                  AD1CSSL = 0x330
                    0x0330                  _AD1CSSL = 0x330
                    0x0330                  _AD1CSSLbits = 0x330
                    0x033c                  CTMUCON = 0x33c
                    0x033c                  _CTMUCON = 0x33c
                    0x033c                  _CTMUCONbits = 0x33c
                    0x033e                  CTMUICON = 0x33e
                    0x033e                  _CTMUICON = 0x33e
                    0x033e                  _CTMUICONbits = 0x33e
                    0x0480                  U1OTGIR = 0x480
                    0x0480                  _U1OTGIR = 0x480
                    0x0480                  _U1OTGIRbits = 0x480
                    0x0482                  U1OTGIE = 0x482
                    0x0482                  _U1OTGIE = 0x482
                    0x0482                  _U1OTGIEbits = 0x482
                    0x0484                  U1OTGSTAT = 0x484
                    0x0484                  _U1OTGSTAT = 0x484
                    0x0484                  _U1OTGSTATbits = 0x484
                    0x0486                  U1OTGCON = 0x486
                    0x0486                  _U1OTGCON = 0x486
                    0x0486                  _U1OTGCONbits = 0x486
                    0x0488                  U1PWRC = 0x488
                    0x0488                  _U1PWRC = 0x488
                    0x0488                  _U1PWRCbits = 0x488
                    0x048a                  U1IR = 0x48a
                    0x048a                  _U1IR = 0x48a